Component: ARM Compiler 5.06 update 6 (build 750) Tool: armlink [4d35ed]

==============================================================================

Section Cross References

    system_apm32e10x.o(i.SystemClockConfig) refers to system_apm32e10x.o(i.SystemClock72M) for SystemClock72M
    system_apm32e10x.o(i.SystemCoreClockUpdate) refers to system_apm32e10x.o(.data) for SystemCoreClock
    system_apm32e10x.o(i.SystemInit) refers to system_apm32e10x.o(i.SystemClockConfig) for SystemClockConfig
    startup_apm32e10x_hd.o(RESET) refers to startup_apm32e10x_hd.o(STACK) for __initial_sp
    startup_apm32e10x_hd.o(RESET) refers to startup_apm32e10x_hd.o(.text) for Reset_Handler
    startup_apm32e10x_hd.o(RESET) refers to apm32e10x_int.o(i.NMI_Handler) for NMI_Handler
    startup_apm32e10x_hd.o(RESET) refers to apm32e10x_int.o(i.HardFault_Handler) for HardFault_Handler
    startup_apm32e10x_hd.o(RESET) refers to apm32e10x_int.o(i.MemManage_Handler) for MemManage_Handler
    startup_apm32e10x_hd.o(RESET) refers to apm32e10x_int.o(i.BusFault_Handler) for BusFault_Handler
    startup_apm32e10x_hd.o(RESET) refers to apm32e10x_int.o(i.UsageFault_Handler) for UsageFault_Handler
    startup_apm32e10x_hd.o(RESET) refers to apm32e10x_int.o(i.SVC_Handler) for SVC_Handler
    startup_apm32e10x_hd.o(RESET) refers to apm32e10x_int.o(i.DebugMon_Handler) for DebugMon_Handler
    startup_apm32e10x_hd.o(RESET) refers to apm32e10x_int.o(i.PendSV_Handler) for PendSV_Handler
    startup_apm32e10x_hd.o(RESET) refers to apm32e10x_int.o(i.SysTick_Handler) for SysTick_Handler
    startup_apm32e10x_hd.o(.text) refers to system_apm32e10x.o(i.SystemInit) for SystemInit
    startup_apm32e10x_hd.o(.text) refers to entry.o(.ARM.Collect$$$$00000000) for __main
    apm32e10x_adc.o(i.ADC_Reset) refers to apm32e10x_rcm.o(i.RCM_EnableAPB2PeriphReset) for RCM_EnableAPB2PeriphReset
    apm32e10x_adc.o(i.ADC_Reset) refers to apm32e10x_rcm.o(i.RCM_DisableAPB2PeriphReset) for RCM_DisableAPB2PeriphReset
    apm32e10x_bakpr.o(i.BAKPR_Reset) refers to apm32e10x_rcm.o(i.RCM_EnableBackupReset) for RCM_EnableBackupReset
    apm32e10x_bakpr.o(i.BAKPR_Reset) refers to apm32e10x_rcm.o(i.RCM_DisableBackupReset) for RCM_DisableBackupReset
    apm32e10x_can.o(i.CAN_Reset) refers to apm32e10x_rcm.o(i.RCM_EnableAPB1PeriphReset) for RCM_EnableAPB1PeriphReset
    apm32e10x_can.o(i.CAN_Reset) refers to apm32e10x_rcm.o(i.RCM_DisableAPB1PeriphReset) for RCM_DisableAPB1PeriphReset
    apm32e10x_dac.o(i.DAC_Reset) refers to apm32e10x_rcm.o(i.RCM_EnableAPB1PeriphReset) for RCM_EnableAPB1PeriphReset
    apm32e10x_dac.o(i.DAC_Reset) refers to apm32e10x_rcm.o(i.RCM_DisableAPB1PeriphReset) for RCM_DisableAPB1PeriphReset
    apm32e10x_dmc.o(i.DMC_Config) refers to apm32e10x_dmc.o(i.DMC_ConfigTiming) for DMC_ConfigTiming
    apm32e10x_dmc.o(i.DMC_ConfigStructInit) refers to apm32e10x_dmc.o(i.DMC_ConfigTimingStructInit) for DMC_ConfigTimingStructInit
    apm32e10x_fmc.o(i.FMC_ConfigUserOptionByte) refers to apm32e10x_fmc.o(i.FMC_WaitForLastOperation) for FMC_WaitForLastOperation
    apm32e10x_fmc.o(i.FMC_DisableReadOutProtection) refers to apm32e10x_fmc.o(i.FMC_WaitForLastOperation) for FMC_WaitForLastOperation
    apm32e10x_fmc.o(i.FMC_EnableReadOutProtection) refers to apm32e10x_fmc.o(i.FMC_WaitForLastOperation) for FMC_WaitForLastOperation
    apm32e10x_fmc.o(i.FMC_EnableWriteProtection) refers to apm32e10x_fmc.o(i.FMC_WaitForLastOperation) for FMC_WaitForLastOperation
    apm32e10x_fmc.o(i.FMC_EraseAllPage) refers to apm32e10x_fmc.o(i.FMC_WaitForLastOperation) for FMC_WaitForLastOperation
    apm32e10x_fmc.o(i.FMC_EraseOptionBytes) refers to apm32e10x_fmc.o(i.FMC_GetReadProtectionStatus) for FMC_GetReadProtectionStatus
    apm32e10x_fmc.o(i.FMC_EraseOptionBytes) refers to apm32e10x_fmc.o(i.FMC_WaitForLastOperation) for FMC_WaitForLastOperation
    apm32e10x_fmc.o(i.FMC_ErasePage) refers to apm32e10x_fmc.o(i.FMC_WaitForLastOperation) for FMC_WaitForLastOperation
    apm32e10x_fmc.o(i.FMC_ProgramHalfWord) refers to apm32e10x_fmc.o(i.__set_PRIMASK) for __set_PRIMASK
    apm32e10x_fmc.o(i.FMC_ProgramHalfWord) refers to apm32e10x_fmc.o(i.FMC_WaitForLastOperation) for FMC_WaitForLastOperation
    apm32e10x_fmc.o(i.FMC_ProgramOptionByteData) refers to apm32e10x_fmc.o(i.FMC_WaitForLastOperation) for FMC_WaitForLastOperation
    apm32e10x_fmc.o(i.FMC_ProgramWord) refers to apm32e10x_fmc.o(i.__set_PRIMASK) for __set_PRIMASK
    apm32e10x_fmc.o(i.FMC_ProgramWord) refers to apm32e10x_fmc.o(i.FMC_WaitForLastOperation) for FMC_WaitForLastOperation
    apm32e10x_fmc.o(i.FMC_WaitForLastOperation) refers to apm32e10x_fmc.o(i.FMC_ReadStatus) for FMC_ReadStatus
    apm32e10x_gpio.o(i.GPIO_AFIOReset) refers to apm32e10x_rcm.o(i.RCM_EnableAPB2PeriphReset) for RCM_EnableAPB2PeriphReset
    apm32e10x_gpio.o(i.GPIO_AFIOReset) refers to apm32e10x_rcm.o(i.RCM_DisableAPB2PeriphReset) for RCM_DisableAPB2PeriphReset
[...]
    Removing apm32e10x_dmc.o(i.DMC_ConfigFullRefreshBeforeSR), (18 bytes).
    Removing apm32e10x_dmc.o(i.DMC_ConfigMemorySize), (18 bytes).
    Removing apm32e10x_dmc.o(i.DMC_ConfigOpenBank), (18 bytes).
    Removing apm32e10x_dmc.o(i.DMC_ConfigPrechargeType), (18 bytes).
    Removing apm32e10x_dmc.o(i.DMC_ConfigRefreshPeriod), (18 bytes).
    Removing apm32e10x_dmc.o(i.DMC_ConfigStableTimePowerup), (18 bytes).
    Removing apm32e10x_dmc.o(i.DMC_ConfigStructInit), (32 bytes).
    Removing apm32e10x_dmc.o(i.DMC_ConfigTiming), (202 bytes).
    Removing apm32e10x_dmc.o(i.DMC_ConfigTimingStructInit), (94 bytes).
    Removing apm32e10x_dmc.o(i.DMC_ConfigWRAPB), (20 bytes).
    Removing apm32e10x_dmc.o(i.DMC_Disable), (20 bytes).
    Removing apm32e10x_dmc.o(i.DMC_DisableAccelerateModule), (20 bytes).
    Removing apm32e10x_dmc.o(i.DMC_EixtSlefRefreshMode), (18 bytes).
    Removing apm32e10x_dmc.o(i.DMC_Enable), (20 bytes).
    Removing apm32e10x_dmc.o(i.DMC_EnableAccelerateModule), (20 bytes).
    Removing apm32e10x_dmc.o(i.DMC_EnableInit), (20 bytes).
    Removing apm32e10x_dmc.o(i.DMC_EnableUpdateMode), (22 bytes).
    Removing apm32e10x_dmc.o(i.DMC_EnterPowerdownMode), (20 bytes).
    Removing apm32e10x_dmc.o(i.DMC_EnterSlefRefreshMode), (20 bytes).
    Removing apm32e10x_dmc.o(i.DMC_ReadSelfRefreshStatus), (12 bytes).
    Removing apm32e10x_eint.o(.rev16_text), (4 bytes).
    Removing apm32e10x_eint.o(.revsh_text), (4 bytes).
    Removing apm32e10x_eint.o(.rrx_text), (6 bytes).
    Removing apm32e10x_eint.o(i.EINT_ClearIntFlag), (12 bytes).
    Removing apm32e10x_eint.o(i.EINT_ClearStatusFlag), (12 bytes).
    Removing apm32e10x_eint.o(i.EINT_Config), (148 bytes).
    Removing apm32e10x_eint.o(i.EINT_ConfigStructInit), (16 bytes).
    Removing apm32e10x_eint.o(i.EINT_ReadIntFlag), (40 bytes).
    Removing apm32e10x_eint.o(i.EINT_ReadStatusFlag), (24 bytes).
    Removing apm32e10x_eint.o(i.EINT_Reset), (36 bytes).
    Removing apm32e10x_eint.o(i.EINT_SelectSWInterrupt), (16 bytes).
    Removing apm32e10x_fmc.o(.rev16_text), (4 bytes).
    Removing apm32e10x_fmc.o(.revsh_text), (4 bytes).
    Removing apm32e10x_fmc.o(.rrx_text), (6 bytes).
    Removing apm32e10x_fmc.o(i.FMC_ClearStatusFlag), (12 bytes).
    Removing apm32e10x_fmc.o(i.FMC_ConfigLatency), (20 bytes).
    Removing apm32e10x_fmc.o(i.FMC_ConfigUserOptionByte), (108 bytes).
    Removing apm32e10x_fmc.o(i.FMC_DisableHalfCycleAccess), (20 bytes).
    Removing apm32e10x_fmc.o(i.FMC_DisableInterrupt), (36 bytes).
    Removing apm32e10x_fmc.o(i.FMC_DisablePrefetchBuffer), (20 bytes).
    Removing apm32e10x_fmc.o(i.FMC_DisableReadOutProtection), (160 bytes).
    Removing apm32e10x_fmc.o(i.FMC_EnableHalfCycleAccess), (20 bytes).
    Removing apm32e10x_fmc.o(i.FMC_EnableInterrupt), (44 bytes).
    Removing apm32e10x_fmc.o(i.FMC_EnablePrefetchBuffer), (20 bytes).
    Removing apm32e10x_fmc.o(i.FMC_EnableReadOutProtection), (160 bytes).
    Removing apm32e10x_fmc.o(i.FMC_EnableWriteProtection), (208 bytes).
    Removing apm32e10x_fmc.o(i.FMC_EraseAllPage), (76 bytes).
    Removing apm32e10x_fmc.o(i.FMC_EraseOptionBytes), (168 bytes).
    Removing apm32e10x_fmc.o(i.FMC_ErasePage), (80 bytes).
    Removing apm32e10x_fmc.o(i.FMC_GetReadProtectionStatus), (24 bytes).
    Removing apm32e10x_fmc.o(i.FMC_Lock), (20 bytes).
    Removing apm32e10x_fmc.o(i.FMC_ProgramHalfWord), (80 bytes).
    Removing apm32e10x_fmc.o(i.FMC_ProgramOptionByteData), (88 bytes).
    Removing apm32e10x_fmc.o(i.FMC_ProgramWord), (124 bytes).
    Removing apm32e10x_fmc.o(i.FMC_ReadOptionByteWriteProtection), (12 bytes).
    Removing apm32e10x_fmc.o(i.FMC_ReadPrefetchBufferStatus), (16 bytes).
    Removing apm32e10x_fmc.o(i.FMC_ReadStatus), (52 bytes).
    Removing apm32e10x_fmc.o(i.FMC_ReadStatusFlag), (44 bytes).
    Removing apm32e10x_fmc.o(i.FMC_ReadUserOptionByte), (16 bytes).
    Removing apm32e10x_fmc.o(i.FMC_Unlock), (24 bytes).
    Removing apm32e10x_fmc.o(i.FMC_WaitForLastOperation), (38 bytes).
    Removing apm32e10x_fmc.o(i.__set_PRIMASK), (6 bytes).
    Removing apm32e10x_gpio.o(.rev16_text), (4 bytes).
    Removing apm32e10x_gpio.o(.revsh_text), (4 bytes).
    Removing apm32e10x_gpio.o(.rrx_text), (6 bytes).
    Removing apm32e10x_gpio.o(i.GPIO_AFIOReset), (16 bytes).
    Removing apm32e10x_gpio.o(i.GPIO_ConfigEINTLine), (164 bytes).
    Removing apm32e10x_gpio.o(i.GPIO_ConfigEventOutput), (28 bytes).
    Removing apm32e10x_gpio.o(i.GPIO_ConfigPinLock), (18 bytes).
    Removing apm32e10x_gpio.o(i.GPIO_ConfigPinRemap), (88 bytes).
    Removing apm32e10x_gpio.o(i.GPIO_ConfigStructInit), (16 bytes).
    Removing apm32e10x_gpio.o(i.GPIO_DisableEventOutput), (20 bytes).
    Removing apm32e10x_gpio.o(i.GPIO_EnableEventOutput), (20 bytes).
    Removing apm32e10x_gpio.o(i.GPIO_ReadInputPort), (8 bytes).
    Removing apm32e10x_gpio.o(i.GPIO_ReadOutputBit), (18 bytes).
    Removing apm32e10x_gpio.o(i.GPIO_ReadOutputPort), (8 bytes).
    Removing apm32e10x_gpio.o(i.GPIO_Reset), (116 bytes).
    Removing apm32e10x_gpio.o(i.GPIO_WriteOutputPort), (4 bytes).
    Removing apm32e10x_i2c.o(.rev16_text), (4 bytes).
    Removing apm32e10x_i2c.o(.revsh_text), (4 bytes).
    Removing apm32e10x_i2c.o(.rrx_text), (6 bytes).
    Removing apm32e10x_i2c.o(i.I2C_ClearIntFlag), (8 bytes).
    Removing apm32e10x_i2c.o(i.I2C_ClearStatusFlag), (94 bytes).
    Removing apm32e10x_i2c.o(i.I2C_Config), (260 bytes).
    Removing apm32e10x_i2c.o(i.I2C_ConfigFastModeDutyCycle), (30 bytes).
    Removing apm32e10x_i2c.o(i.I2C_ConfigNACKPosition), (26 bytes).
    Removing apm32e10x_i2c.o(i.I2C_ConfigOwnAddress2), (10 bytes).
    Removing apm32e10x_i2c.o(i.I2C_ConfigPECPosition), (26 bytes).
    Removing apm32e10x_i2c.o(i.I2C_ConfigSMBusAlert), (26 bytes).
    Removing apm32e10x_i2c.o(i.I2C_ConfigStructInit), (30 bytes).
    Removing apm32e10x_i2c.o(i.I2C_Disable), (10 bytes).
    Removing apm32e10x_i2c.o(i.I2C_DisableARP), (10 bytes).
    Removing apm32e10x_i2c.o(i.I2C_DisableAcknowledge), (10 bytes).
    Removing apm32e10x_i2c.o(i.I2C_DisableDMA), (10 bytes).
    Removing apm32e10x_i2c.o(i.I2C_DisableDMALastTransfer), (10 bytes).
    Removing apm32e10x_i2c.o(i.I2C_DisableDualAddress), (10 bytes).
    Removing apm32e10x_i2c.o(i.I2C_DisableGeneralCall), (10 bytes).
    Removing apm32e10x_i2c.o(i.I2C_DisableGenerateStart), (10 bytes).
    Removing apm32e10x_i2c.o(i.I2C_DisableGenerateStop), (10 bytes).
    Removing apm32e10x_i2c.o(i.I2C_DisableInterrupt), (8 bytes).
    Removing apm32e10x_i2c.o(i.I2C_DisablePEC), (10 bytes).
    Removing apm32e10x_i2c.o(i.I2C_DisablePECTransmit), (10 bytes).
    Removing apm32e10x_i2c.o(i.I2C_DisableSoftwareReset), (10 bytes).
    Removing apm32e10x_i2c.o(i.I2C_DisableStretchClock), (12 bytes).
    Removing apm32e10x_i2c.o(i.I2C_Enable), (12 bytes).
    Removing apm32e10x_i2c.o(i.I2C_EnableARP), (12 bytes).
    Removing apm32e10x_i2c.o(i.I2C_EnableAcknowledge), (14 bytes).
    Removing apm32e10x_i2c.o(i.I2C_EnableDMA), (14 bytes).
    Removing apm32e10x_i2c.o(i.I2C_EnableDMALastTransfer), (14 bytes).
    Removing apm32e10x_i2c.o(i.I2C_EnableDualAddress), (12 bytes).
    Removing apm32e10x_i2c.o(i.I2C_EnableGeneralCall), (12 bytes).
    Removing apm32e10x_i2c.o(i.I2C_EnableGenerateStart), (14 bytes).
    Removing apm32e10x_i2c.o(i.I2C_EnableGenerateStop), (14 bytes).
    Removing apm32e10x_i2c.o(i.I2C_EnableInterrupt), (8 bytes).
    Removing apm32e10x_i2c.o(i.I2C_EnablePEC), (12 bytes).
    Removing apm32e10x_i2c.o(i.I2C_EnablePECTransmit), (14 bytes).
    Removing apm32e10x_i2c.o(i.I2C_EnableSoftwareReset), (14 bytes).
    Removing apm32e10x_i2c.o(i.I2C_EnableStretchClock), (10 bytes).
    Removing apm32e10x_i2c.o(i.I2C_ReadEventStatus), (44 bytes).
    Removing apm32e10x_i2c.o(i.I2C_ReadIntFlag), (36 bytes).
    Removing apm32e10x_i2c.o(i.I2C_ReadLastEvent), (30 bytes).
    Removing apm32e10x_i2c.o(i.I2C_ReadPEC), (10 bytes).
    Removing apm32e10x_i2c.o(i.I2C_ReadRegister), (86 bytes).
    Removing apm32e10x_i2c.o(i.I2C_ReadStatusFlag), (208 bytes).
    Removing apm32e10x_i2c.o(i.I2C_Reset), (52 bytes).
    Removing apm32e10x_i2c.o(i.I2C_RxData), (8 bytes).
    Removing apm32e10x_i2c.o(i.I2C_Tx7BitAddress), (32 bytes).
    Removing apm32e10x_i2c.o(i.I2C_TxData), (10 bytes).
    Removing apm32e10x_iwdt.o(.rev16_text), (4 bytes).
    Removing apm32e10x_iwdt.o(.revsh_text), (4 bytes).
    Removing apm32e10x_iwdt.o(.rrx_text), (6 bytes).
    Removing apm32e10x_iwdt.o(i.IWDT_ConfigDivider), (12 bytes).
    Removing apm32e10x_iwdt.o(i.IWDT_ConfigReload), (12 bytes).
    Removing apm32e10x_iwdt.o(i.IWDT_DisableWriteAccess), (20 bytes).
    Removing apm32e10x_iwdt.o(i.IWDT_Enable), (16 bytes).
    Removing apm32e10x_iwdt.o(i.IWDT_EnableWriteAccess), (24 bytes).
    Removing apm32e10x_iwdt.o(i.IWDT_ReadStatusFlag), (24 bytes).
    Removing apm32e10x_iwdt.o(i.IWDT_Refresh), (16 bytes).
    Removing apm32e10x_misc.o(.rev16_text), (4 bytes).
    Removing apm32e10x_misc.o(.revsh_text), (4 bytes).
    Removing apm32e10x_misc.o(.rrx_text), (6 bytes).
    Removing apm32e10x_misc.o(i.NVIC_ConfigPriorityGroup), (20 bytes).
    Removing apm32e10x_misc.o(i.NVIC_ConfigVectorTable), (20 bytes).
    Removing apm32e10x_misc.o(i.NVIC_DisableIRQRequest), (24 bytes).
    Removing apm32e10x_misc.o(i.NVIC_EnableIRQRequest), (160 bytes).
    Removing apm32e10x_misc.o(i.NVIC_ResetystemLowPower), (16 bytes).
    Removing apm32e10x_misc.o(i.NVIC_SetSystemLowPower), (16 bytes).
    Removing apm32e10x_pmu.o(.rev16_text), (4 bytes).
    Removing apm32e10x_pmu.o(.revsh_text), (4 bytes).
    Removing apm32e10x_pmu.o(.rrx_text), (6 bytes).
    Removing apm32e10x_pmu.o(i.PMU_ClearStatusFlag), (44 bytes).
    Removing apm32e10x_pmu.o(i.PMU_ConfigPVDLevel), (28 bytes).
    Removing apm32e10x_pmu.o(i.PMU_DisableBackupAccess), (20 bytes).
    Removing apm32e10x_pmu.o(i.PMU_DisablePVD), (20 bytes).
    Removing apm32e10x_pmu.o(i.PMU_DisableWakeUpPin), (20 bytes).
    Removing apm32e10x_pmu.o(i.PMU_EnableBackupAccess), (24 bytes).
    Removing apm32e10x_pmu.o(i.PMU_EnablePVD), (20 bytes).
    Removing apm32e10x_pmu.o(i.PMU_EnableWakeUpPin), (24 bytes).
    Removing apm32e10x_pmu.o(i.PMU_EnterSTANDBYMode), (56 bytes).
    Removing apm32e10x_pmu.o(i.PMU_EnterSTOPMode), (76 bytes).
    Removing apm32e10x_pmu.o(i.PMU_ReadStatusFlag), (48 bytes).
    Removing apm32e10x_pmu.o(i.PMU_Reset), (20 bytes).
    Removing apm32e10x_rcm.o(.rev16_text), (4 bytes).
    Removing apm32e10x_rcm.o(.revsh_text), (4 bytes).
    Removing apm32e10x_rcm.o(.rrx_text), (6 bytes).
    Removing apm32e10x_rcm.o(i.RCM_ClearIntFlag), (20 bytes).
    Removing apm32e10x_rcm.o(i.RCM_ClearStatusFlag), (24 bytes).
    Removing apm32e10x_rcm.o(i.RCM_ConfigADCCLK), (20 bytes).
    Removing apm32e10x_rcm.o(i.RCM_ConfigAHB), (20 bytes).
    Removing apm32e10x_rcm.o(i.RCM_ConfigAPB1), (20 bytes).
    Removing apm32e10x_rcm.o(i.RCM_ConfigAPB2), (20 bytes).
    Removing apm32e10x_rcm.o(i.RCM_ConfigFPUCLK), (20 bytes).
    Removing apm32e10x_rcm.o(i.RCM_ConfigHSE), (84 bytes).
    Removing apm32e10x_rcm.o(i.RCM_ConfigHSITrim), (20 bytes).
    Removing apm32e10x_rcm.o(i.RCM_ConfigLSE), (76 bytes).
    Removing apm32e10x_rcm.o(i.RCM_ConfigMCO), (20 bytes).
    Removing apm32e10x_rcm.o(i.RCM_ConfigPLL), (44 bytes).
    Removing apm32e10x_rcm.o(i.RCM_ConfigRTCCLK), (20 bytes).
    Removing apm32e10x_rcm.o(i.RCM_ConfigSYSCLK), (20 bytes).
    Removing apm32e10x_rcm.o(i.RCM_ConfigUSBCLK), (20 bytes).
    Removing apm32e10x_rcm.o(i.RCM_DisableAHBPeriphClock), (16 bytes).
    Removing apm32e10x_rcm.o(i.RCM_DisableAPB1PeriphClock), (16 bytes).
    Removing apm32e10x_rcm.o(i.RCM_DisableAPB1PeriphReset), (16 bytes).
    Removing apm32e10x_rcm.o(i.RCM_DisableAPB2PeriphClock), (16 bytes).
    Removing apm32e10x_rcm.o(i.RCM_DisableAPB2PeriphReset), (16 bytes).
    Removing apm32e10x_rcm.o(i.RCM_DisableBackupReset), (20 bytes).
    Removing apm32e10x_rcm.o(i.RCM_DisableCSS), (20 bytes).
    Removing apm32e10x_rcm.o(i.RCM_DisableHSI), (20 bytes).
    Removing apm32e10x_rcm.o(i.RCM_DisableInterrupt), (20 bytes).
    Removing apm32e10x_rcm.o(i.RCM_DisableLSI), (20 bytes).
    Removing apm32e10x_rcm.o(i.RCM_DisablePLL), (20 bytes).
    Removing apm32e10x_rcm.o(i.RCM_DisableRTCCLK), (20 bytes).
    Removing apm32e10x_rcm.o(i.RCM_EnableAHBPeriphClock), (16 bytes).
    Removing apm32e10x_rcm.o(i.RCM_EnableAPB1PeriphClock), (16 bytes).
    Removing apm32e10x_rcm.o(i.RCM_EnableAPB1PeriphReset), (16 bytes).
    Removing apm32e10x_rcm.o(i.RCM_EnableAPB2PeriphReset), (16 bytes).
    Removing apm32e10x_rcm.o(i.RCM_EnableBackupReset), (24 bytes).
    Removing apm32e10x_rcm.o(i.RCM_EnableCSS), (24 bytes).
    Removing apm32e10x_rcm.o(i.RCM_EnableHSI), (20 bytes).
    Removing apm32e10x_rcm.o(i.RCM_EnableInterrupt), (20 bytes).
    Removing apm32e10x_rcm.o(i.RCM_EnableLSI), (20 bytes).
    Removing apm32e10x_rcm.o(i.RCM_EnablePLL), (24 bytes).
    Removing apm32e10x_rcm.o(i.RCM_EnableRTCCLK), (24 bytes).
    Removing apm32e10x_rcm.o(i.RCM_ReadADCCLKFreq), (48 bytes).
    Removing apm32e10x_rcm.o(i.RCM_ReadIntFlag), (24 bytes).
    Removing apm32e10x_rcm.o(i.RCM_ReadSYSCLKSource), (16 bytes).
    Removing apm32e10x_rcm.o(i.RCM_ReadStatusFlag), (64 bytes).
    Removing apm32e10x_rcm.o(i.RCM_Reset), (80 bytes).
    Removing apm32e10x_rcm.o(i.RCM_WaitHSEReady), (44 bytes).
    Removing apm32e10x_rtc.o(.rev16_text), (4 bytes).
    Removing apm32e10x_rtc.o(.revsh_text), (4 bytes).
    Removing apm32e10x_rtc.o(.rrx_text), (6 bytes).
    Removing apm32e10x_rtc.o(i.RTC_ClearIntFlag), (16 bytes).
    Removing apm32e10x_rtc.o(i.RTC_ClearStatusFlag), (16 bytes).
    Removing apm32e10x_rtc.o(i.RTC_ConfigAlarm), (44 bytes).
    Removing apm32e10x_rtc.o(i.RTC_ConfigCounter), (44 bytes).
    Removing apm32e10x_rtc.o(i.RTC_ConfigPrescaler), (44 bytes).
    Removing apm32e10x_rtc.o(i.RTC_DisableConfigMode), (20 bytes).
    Removing apm32e10x_rtc.o(i.RTC_DisableInterrupt), (16 bytes).
    Removing apm32e10x_rtc.o(i.RTC_EnableConfigMode), (20 bytes).
    Removing apm32e10x_rtc.o(i.RTC_EnableInterrupt), (16 bytes).
    Removing apm32e10x_rtc.o(i.RTC_ReadCounter), (24 bytes).
    Removing apm32e10x_rtc.o(i.RTC_ReadDivider), (28 bytes).
    Removing apm32e10x_rtc.o(i.RTC_ReadIntFlag), (24 bytes).
    Removing apm32e10x_rtc.o(i.RTC_ReadStatusFlag), (24 bytes).
    Removing apm32e10x_rtc.o(i.RTC_WaitForLastTask), (20 bytes).
    Removing apm32e10x_rtc.o(i.RTC_WaitForSynchro), (32 bytes).
    Removing apm32e10x_sci2c.o(.rev16_text), (4 bytes).
    Removing apm32e10x_sci2c.o(.revsh_text), (4 bytes).
    Removing apm32e10x_sci2c.o(.rrx_text), (6 bytes).
    Removing apm32e10x_sci2c.o(i.SCI2C_Abort), (12 bytes).
    Removing apm32e10x_sci2c.o(i.SCI2C_BlockTxCmd), (10 bytes).
    Removing apm32e10x_sci2c.o(i.SCI2C_ClearIntFlag), (126 bytes).
    Removing apm32e10x_sci2c.o(i.SCI2C_Config), (148 bytes).
    Removing apm32e10x_sci2c.o(i.SCI2C_ConfigClkPeriod), (30 bytes).
    Removing apm32e10x_sci2c.o(i.SCI2C_ConfigDMARxDataLevel), (6 bytes).
    Removing apm32e10x_sci2c.o(i.SCI2C_ConfigDMATxDataLevel), (6 bytes).
    Removing apm32e10x_sci2c.o(i.SCI2C_ConfigDataDir), (6 bytes).
    Removing apm32e10x_sci2c.o(i.SCI2C_ConfigDataRegister), (14 bytes).
    Removing apm32e10x_sci2c.o(i.SCI2C_ConfigMasterAddr), (18 bytes).
    Removing apm32e10x_sci2c.o(i.SCI2C_ConfigMasterCode), (4 bytes).
    Removing apm32e10x_sci2c.o(i.SCI2C_ConfigRxFifoThreshold), (4 bytes).
    Removing apm32e10x_sci2c.o(i.SCI2C_ConfigSDADelayTime), (6 bytes).
    Removing apm32e10x_sci2c.o(i.SCI2C_ConfigSDAHoldTime), (18 bytes).
    Removing apm32e10x_sci2c.o(i.SCI2C_ConfigSlaveAddr), (12 bytes).
    Removing apm32e10x_sci2c.o(i.SCI2C_ConfigSpeed), (10 bytes).
    Removing apm32e10x_sci2c.o(i.SCI2C_ConfigSpikeSuppressionLimit), (16 bytes).
    Removing apm32e10x_sci2c.o(i.SCI2C_ConfigStructInit), (36 bytes).
    Removing apm32e10x_sci2c.o(i.SCI2C_ConfigTxFifoThreshold), (4 bytes).
    Removing apm32e10x_sci2c.o(i.SCI2C_Disable), (10 bytes).
    Removing apm32e10x_sci2c.o(i.SCI2C_DisableDMA), (12 bytes).
    Removing apm32e10x_sci2c.o(i.SCI2C_DisableInterrupt), (8 bytes).
    Removing apm32e10x_sci2c.o(i.SCI2C_DisableMasterMode), (10 bytes).
    Removing apm32e10x_sci2c.o(i.SCI2C_DisableRestart), (10 bytes).
    Removing apm32e10x_sci2c.o(i.SCI2C_DisableSlaveMode), (12 bytes).
    Removing apm32e10x_sci2c.o(i.SCI2C_DisableStopDetectAddressed), (10 bytes).
    Removing apm32e10x_sci2c.o(i.SCI2C_DisableStopDetectMasterActivity), (10 bytes).
    Removing apm32e10x_sci2c.o(i.SCI2C_Enable), (12 bytes).
    Removing apm32e10x_sci2c.o(i.SCI2C_EnableDMA), (12 bytes).
    Removing apm32e10x_sci2c.o(i.SCI2C_EnableInterrupt), (8 bytes).
    Removing apm32e10x_sci2c.o(i.SCI2C_EnableMasterMode), (12 bytes).
    Removing apm32e10x_sci2c.o(i.SCI2C_EnableRestart), (12 bytes).
    Removing apm32e10x_sci2c.o(i.SCI2C_EnableSlaveMode), (10 bytes).
    Removing apm32e10x_sci2c.o(i.SCI2C_EnableStopDetectAddressed), (12 bytes).
    Removing apm32e10x_sci2c.o(i.SCI2C_EnableStopDetectMasterActivity), (14 bytes).
    Removing apm32e10x_sci2c.o(i.SCI2C_GernalCallAck), (6 bytes).
    Removing apm32e10x_sci2c.o(i.SCI2C_ReadIntFlag), (20 bytes).
    Removing apm32e10x_sci2c.o(i.SCI2C_ReadRawIntFlag), (20 bytes).
    Removing apm32e10x_sci2c.o(i.SCI2C_ReadRxFifoDataCnt), (8 bytes).
    Removing apm32e10x_sci2c.o(i.SCI2C_ReadStatusFlag), (44 bytes).
    Removing apm32e10x_sci2c.o(i.SCI2C_ReadTxAbortSource), (8 bytes).
    Removing apm32e10x_sci2c.o(i.SCI2C_ReadTxFifoDataCnt), (8 bytes).
    Removing apm32e10x_sci2c.o(i.SCI2C_Reset), (68 bytes).
    Removing apm32e10x_sci2c.o(i.SCI2C_RxData), (8 bytes).
    Removing apm32e10x_sci2c.o(i.SCI2C_SlaveDataNackOnly), (6 bytes).
    Removing apm32e10x_sci2c.o(i.SCI2C_TxData), (10 bytes).
    Removing apm32e10x_sdio.o(.rev16_text), (4 bytes).
    Removing apm32e10x_sdio.o(.revsh_text), (4 bytes).
    Removing apm32e10x_sdio.o(.rrx_text), (6 bytes).
    Removing apm32e10x_sdio.o(i.SDIO_ClearIntFlag), (12 bytes).
    Removing apm32e10x_sdio.o(i.SDIO_ClearStatusFlag), (12 bytes).
    Removing apm32e10x_sdio.o(i.SDIO_Config), (48 bytes).
    Removing apm32e10x_sdio.o(i.SDIO_ConfigData), (48 bytes).
    Removing apm32e10x_sdio.o(i.SDIO_ConfigDataStructInit), (20 bytes).
    Removing apm32e10x_sdio.o(i.SDIO_ConfigPowerState), (28 bytes).
    Removing apm32e10x_sdio.o(i.SDIO_ConfigSDIOReadWaitMode), (12 bytes).
    Removing apm32e10x_sdio.o(i.SDIO_ConfigStructInit), (16 bytes).
    Removing apm32e10x_sdio.o(i.SDIO_DisableCEATAInterrupt), (12 bytes).
    Removing apm32e10x_sdio.o(i.SDIO_DisableClock), (12 bytes).
    Removing apm32e10x_sdio.o(i.SDIO_DisableCommandCompletion), (12 bytes).
    Removing apm32e10x_sdio.o(i.SDIO_DisableDMA), (12 bytes).
    Removing apm32e10x_sdio.o(i.SDIO_DisableInterrupt), (16 bytes).
    Removing apm32e10x_sdio.o(i.SDIO_DisableSDIO), (12 bytes).
    Removing apm32e10x_sdio.o(i.SDIO_DisableStartReadWait), (12 bytes).
    Removing apm32e10x_sdio.o(i.SDIO_DisableStopReadWait), (12 bytes).
    Removing apm32e10x_sdio.o(i.SDIO_DisableTxCEATA), (12 bytes).
    Removing apm32e10x_sdio.o(i.SDIO_DisableTxSDIOSuspend), (12 bytes).
    Removing apm32e10x_sdio.o(i.SDIO_EnableCEATAInterrupt), (12 bytes).
    Removing apm32e10x_sdio.o(i.SDIO_EnableClock), (12 bytes).
    Removing apm32e10x_sdio.o(i.SDIO_EnableCommandCompletion), (12 bytes).
    Removing apm32e10x_sdio.o(i.SDIO_EnableDMA), (12 bytes).
    Removing apm32e10x_sdio.o(i.SDIO_EnableInterrupt), (16 bytes).
    Removing apm32e10x_sdio.o(i.SDIO_EnableSDIO), (12 bytes).
    Removing apm32e10x_sdio.o(i.SDIO_EnableStartReadWait), (12 bytes).
    Removing apm32e10x_sdio.o(i.SDIO_EnableStopReadWait), (12 bytes).
    Removing apm32e10x_sdio.o(i.SDIO_EnableTxCEATA), (12 bytes).
    Removing apm32e10x_sdio.o(i.SDIO_EnableTxSDIOSuspend), (12 bytes).
    Removing apm32e10x_sdio.o(i.SDIO_ReadCommandResponse), (12 bytes).
    Removing apm32e10x_sdio.o(i.SDIO_ReadData), (12 bytes).
    Removing apm32e10x_sdio.o(i.SDIO_ReadDataCounter), (12 bytes).
    Removing apm32e10x_sdio.o(i.SDIO_ReadFIFOCount), (12 bytes).
    Removing apm32e10x_sdio.o(i.SDIO_ReadIntFlag), (36 bytes).
    Removing apm32e10x_sdio.o(i.SDIO_ReadPowerState), (16 bytes).
    Removing apm32e10x_sdio.o(i.SDIO_ReadResponse), (24 bytes).
    Removing apm32e10x_sdio.o(i.SDIO_ReadStatusFlag), (24 bytes).
    Removing apm32e10x_sdio.o(i.SDIO_Reset), (36 bytes).
    Removing apm32e10x_sdio.o(i.SDIO_TxCommand), (44 bytes).
    Removing apm32e10x_sdio.o(i.SDIO_TxCommandStructInit), (14 bytes).
    Removing apm32e10x_sdio.o(i.SDIO_WriteData), (12 bytes).
    Removing apm32e10x_smc.o(.rev16_text), (4 bytes).
    Removing apm32e10x_smc.o(.revsh_text), (4 bytes).
    Removing apm32e10x_smc.o(.rrx_text), (6 bytes).
    Removing apm32e10x_smc.o(i.SMC_ClearIntFlag), (68 bytes).
    Removing apm32e10x_smc.o(i.SMC_ClearStatusFlag), (60 bytes).
    Removing apm32e10x_smc.o(i.SMC_ConfigNAND), (604 bytes).
    Removing apm32e10x_smc.o(i.SMC_ConfigNANDStructInit), (52 bytes).
    Removing apm32e10x_smc.o(i.SMC_ConfigNORSRAM), (2052 bytes).
    Removing apm32e10x_smc.o(i.SMC_ConfigNORSRAMStructInit), (110 bytes).
    Removing apm32e10x_smc.o(i.SMC_ConfigPCCard), (340 bytes).
    Removing apm32e10x_smc.o(i.SMC_ConfigPCCardStructInit), (60 bytes).
    Removing apm32e10x_smc.o(i.SMC_DisableInterrupt), (60 bytes).
    Removing apm32e10x_smc.o(i.SMC_DisableNAND), (48 bytes).
    Removing apm32e10x_smc.o(i.SMC_DisableNANDECC), (48 bytes).
    Removing apm32e10x_smc.o(i.SMC_DisableNORSRAM), (86 bytes).
    Removing apm32e10x_smc.o(i.SMC_DisablePCCARD), (24 bytes).
    Removing apm32e10x_smc.o(i.SMC_EnableInterrupt), (60 bytes).
    Removing apm32e10x_smc.o(i.SMC_EnableNAND), (52 bytes).
    Removing apm32e10x_smc.o(i.SMC_EnableNANDECC), (52 bytes).
    Removing apm32e10x_smc.o(i.SMC_EnableNORSRAM), (94 bytes).
    Removing apm32e10x_smc.o(i.SMC_EnablePCCARD), (24 bytes).
    Removing apm32e10x_smc.o(i.SMC_ReadECC), (28 bytes).
    Removing apm32e10x_smc.o(i.SMC_ReadIntFlag), (60 bytes).
    Removing apm32e10x_smc.o(i.SMC_ReadStatusFlag), (64 bytes).
    Removing apm32e10x_smc.o(i.SMC_ResetNAND), (68 bytes).
    Removing apm32e10x_smc.o(i.SMC_ResetNORSRAM), (112 bytes).
    Removing apm32e10x_smc.o(i.SMC_ResetPCCard), (40 bytes).
    Removing apm32e10x_spi.o(.rev16_text), (4 bytes).
    Removing apm32e10x_spi.o(.revsh_text), (4 bytes).
    Removing apm32e10x_spi.o(.rrx_text), (6 bytes).
    Removing apm32e10x_spi.o(i.I2S_Config), (224 bytes).
    Removing apm32e10x_spi.o(i.I2S_ConfigStructInit), (20 bytes).
    Removing apm32e10x_spi.o(i.I2S_Disable), (10 bytes).
    Removing apm32e10x_spi.o(i.I2S_Enable), (14 bytes).
    Removing apm32e10x_spi.o(i.SPI_Config), (50 bytes).
    Removing apm32e10x_spi.o(i.SPI_ConfigBiDirectionalLine), (28 bytes).
    Removing apm32e10x_spi.o(i.SPI_ConfigDataSize), (16 bytes).
    Removing apm32e10x_spi.o(i.SPI_ConfigStructInit), (24 bytes).
    Removing apm32e10x_spi.o(i.SPI_Disable), (10 bytes).
    Removing apm32e10x_spi.o(i.SPI_DisableCRC), (10 bytes).
    Removing apm32e10x_spi.o(i.SPI_DisableSSOutput), (10 bytes).
    Removing apm32e10x_spi.o(i.SPI_Enable), (12 bytes).
    Removing apm32e10x_spi.o(i.SPI_EnableCRC), (14 bytes).
    Removing apm32e10x_spi.o(i.SPI_EnableSSOutput), (12 bytes).
    Removing apm32e10x_spi.o(i.SPI_I2S_ClearIntFlag), (10 bytes).
    Removing apm32e10x_spi.o(i.SPI_I2S_ClearStatusFlag), (10 bytes).
    Removing apm32e10x_spi.o(i.SPI_I2S_DisableDMA), (24 bytes).
    Removing apm32e10x_spi.o(i.SPI_I2S_DisableInterrupt), (10 bytes).
    Removing apm32e10x_spi.o(i.SPI_I2S_EnableDMA), (28 bytes).
    Removing apm32e10x_spi.o(i.SPI_I2S_EnableInterrupt), (10 bytes).
    Removing apm32e10x_spi.o(i.SPI_I2S_ReadIntFlag), (28 bytes).
    Removing apm32e10x_spi.o(i.SPI_I2S_ReadStatusFlag), (16 bytes).
    Removing apm32e10x_spi.o(i.SPI_I2S_Reset), (76 bytes).
    Removing apm32e10x_spi.o(i.SPI_I2S_RxData), (8 bytes).
    Removing apm32e10x_spi.o(i.SPI_I2S_TxData), (4 bytes).
    Removing apm32e10x_spi.o(i.SPI_ReadCRCPolynomial), (8 bytes).
    Removing apm32e10x_spi.o(i.SPI_ReadRxCRC), (8 bytes).
    Removing apm32e10x_spi.o(i.SPI_ReadTxCRC), (8 bytes).
    Removing apm32e10x_spi.o(i.SPI_ResetSoftwareNSS), (10 bytes).
    Removing apm32e10x_spi.o(i.SPI_SetSoftwareNSS), (14 bytes).
    Removing apm32e10x_spi.o(i.SPI_TxCRC), (14 bytes).
    Removing apm32e10x_tmr.o(.rev16_text), (4 bytes).
    Removing apm32e10x_tmr.o(.revsh_text), (4 bytes).
    Removing apm32e10x_tmr.o(.rrx_text), (6 bytes).
    Removing apm32e10x_tmr.o(i.TI1Config), (168 bytes).
    Removing apm32e10x_tmr.o(i.TI2Config), (176 bytes).
    Removing apm32e10x_tmr.o(i.TI3Config), (180 bytes).
    Removing apm32e10x_tmr.o(i.TI4Config), (78 bytes).
    Removing apm32e10x_tmr.o(i.TMR_ClearIntFlag), (6 bytes).
    Removing apm32e10x_tmr.o(i.TMR_ClearOC1Ref), (10 bytes).
    Removing apm32e10x_tmr.o(i.TMR_ClearOC2Ref), (10 bytes).
    Removing apm32e10x_tmr.o(i.TMR_ClearOC3Ref), (10 bytes).
    Removing apm32e10x_tmr.o(i.TMR_ClearOC4Ref), (10 bytes).
    Removing apm32e10x_tmr.o(i.TMR_ClearStatusFlag), (6 bytes).
    Removing apm32e10x_tmr.o(i.TMR_ConfigAutoreload), (4 bytes).
    Removing apm32e10x_tmr.o(i.TMR_ConfigBDT), (42 bytes).
    Removing apm32e10x_tmr.o(i.TMR_ConfigBDTStructInit), (18 bytes).
    Removing apm32e10x_tmr.o(i.TMR_ConfigClockDivision), (10 bytes).
    Removing apm32e10x_tmr.o(i.TMR_ConfigCompare1), (4 bytes).
    Removing apm32e10x_tmr.o(i.TMR_ConfigCompare2), (4 bytes).
    Removing apm32e10x_tmr.o(i.TMR_ConfigCompare3), (4 bytes).
    Removing apm32e10x_tmr.o(i.TMR_ConfigCompare4), (4 bytes).
    Removing apm32e10x_tmr.o(i.TMR_ConfigCounter), (4 bytes).
    Removing apm32e10x_tmr.o(i.TMR_ConfigCounterMode), (24 bytes).
    Removing apm32e10x_tmr.o(i.TMR_ConfigDMA), (8 bytes).
    Removing apm32e10x_tmr.o(i.TMR_ConfigETR), (34 bytes).
    Removing apm32e10x_tmr.o(i.TMR_ConfigETRClockMode1), (52 bytes).
    Removing apm32e10x_tmr.o(i.TMR_ConfigETRClockMode2), (36 bytes).
    Removing apm32e10x_tmr.o(i.TMR_ConfigEncodeInterface), (84 bytes).
    Removing apm32e10x_tmr.o(i.TMR_ConfigForcedOC1), (18 bytes).
    Removing apm32e10x_tmr.o(i.TMR_ConfigForcedOC2), (18 bytes).
    Removing apm32e10x_tmr.o(i.TMR_ConfigForcedOC3), (18 bytes).
    Removing apm32e10x_tmr.o(i.TMR_ConfigForcedOC4), (18 bytes).
    Removing apm32e10x_tmr.o(i.TMR_ConfigIC), (116 bytes).
    Removing apm32e10x_tmr.o(i.TMR_ConfigIC1Prescal), (18 bytes).
    Removing apm32e10x_tmr.o(i.TMR_ConfigIC2Prescal), (18 bytes).
    Removing apm32e10x_tmr.o(i.TMR_ConfigIC3Prescal), (18 bytes).
    Removing apm32e10x_tmr.o(i.TMR_ConfigIC4Prescal), (18 bytes).
    Removing apm32e10x_tmr.o(i.TMR_ConfigICStructInit), (18 bytes).
    Removing apm32e10x_tmr.o(i.TMR_ConfigIntTrigExternalClock), (26 bytes).
    Removing apm32e10x_tmr.o(i.TMR_ConfigInternalClock), (10 bytes).
    Removing apm32e10x_tmr.o(i.TMR_ConfigOC1), (128 bytes).
    Removing apm32e10x_tmr.o(i.TMR_ConfigOC1Fast), (10 bytes).
    Removing apm32e10x_tmr.o(i.TMR_ConfigOC1NPolarity), (10 bytes).
    Removing apm32e10x_tmr.o(i.TMR_ConfigOC1Polarity), (10 bytes).
    Removing apm32e10x_tmr.o(i.TMR_ConfigOC1Preload), (10 bytes).
    Removing apm32e10x_tmr.o(i.TMR_ConfigOC2), (160 bytes).
    Removing apm32e10x_tmr.o(i.TMR_ConfigOC2Fast), (10 bytes).
    Removing apm32e10x_tmr.o(i.TMR_ConfigOC2NPolarity), (10 bytes).
    Removing apm32e10x_tmr.o(i.TMR_ConfigOC2Polarity), (10 bytes).
    Removing apm32e10x_tmr.o(i.TMR_ConfigOC2Preload), (10 bytes).
    Removing apm32e10x_tmr.o(i.TMR_ConfigOC3), (160 bytes).
    Removing apm32e10x_tmr.o(i.TMR_ConfigOC3Fast), (10 bytes).
    Removing apm32e10x_tmr.o(i.TMR_ConfigOC3NPolarity), (10 bytes).
    Removing apm32e10x_tmr.o(i.TMR_ConfigOC3Polarity), (10 bytes).
    Removing apm32e10x_tmr.o(i.TMR_ConfigOC3Preload), (10 bytes).
    Removing apm32e10x_tmr.o(i.TMR_ConfigOC4), (108 bytes).
    Removing apm32e10x_tmr.o(i.TMR_ConfigOC4Fast), (10 bytes).
    Removing apm32e10x_tmr.o(i.TMR_ConfigOC4Polarity), (10 bytes).
    Removing apm32e10x_tmr.o(i.TMR_ConfigOC4Preload), (10 bytes).
    Removing apm32e10x_tmr.o(i.TMR_ConfigOCStructInit), (20 bytes).
    Removing apm32e10x_tmr.o(i.TMR_ConfigPWM), (124 bytes).
    Removing apm32e10x_tmr.o(i.TMR_ConfigPrescaler), (12 bytes).
    Removing apm32e10x_tmr.o(i.TMR_ConfigSinglePulseMode), (10 bytes).
    Removing apm32e10x_tmr.o(i.TMR_ConfigTimeBase), (140 bytes).
    Removing apm32e10x_tmr.o(i.TMR_ConfigTimeBaseStructInit), (18 bytes).
    Removing apm32e10x_tmr.o(i.TMR_ConfigTrigExternalClock), (64 bytes).
    Removing apm32e10x_tmr.o(i.TMR_ConfigUPdateRequest), (24 bytes).
    Removing apm32e10x_tmr.o(i.TMR_Disable), (10 bytes).
    Removing apm32e10x_tmr.o(i.TMR_DisableAUTOReload), (10 bytes).
    Removing apm32e10x_tmr.o(i.TMR_DisableCCDMA), (10 bytes).
    Removing apm32e10x_tmr.o(i.TMR_DisableCCPreload), (10 bytes).
    Removing apm32e10x_tmr.o(i.TMR_DisableCCxChannel), (12 bytes).
    Removing apm32e10x_tmr.o(i.TMR_DisableCCxNChannel), (12 bytes).
    Removing apm32e10x_tmr.o(i.TMR_DisableDMASoure), (8 bytes).
    Removing apm32e10x_tmr.o(i.TMR_DisableHallSensor), (10 bytes).
    Removing apm32e10x_tmr.o(i.TMR_DisableInterrupt), (8 bytes).
    Removing apm32e10x_tmr.o(i.TMR_DisableMasterSlaveMode), (10 bytes).
    Removing apm32e10x_tmr.o(i.TMR_DisablePWMOutputs), (10 bytes).
    Removing apm32e10x_tmr.o(i.TMR_DisableSelectCOM), (10 bytes).
    Removing apm32e10x_tmr.o(i.TMR_DisableUpdate), (12 bytes).
    Removing apm32e10x_tmr.o(i.TMR_Enable), (12 bytes).
    Removing apm32e10x_tmr.o(i.TMR_EnableAUTOReload), (12 bytes).
    Removing apm32e10x_tmr.o(i.TMR_EnableCCDMA), (12 bytes).
    Removing apm32e10x_tmr.o(i.TMR_EnableCCPreload), (12 bytes).
    Removing apm32e10x_tmr.o(i.TMR_EnableCCxChannel), (12 bytes).
    Removing apm32e10x_tmr.o(i.TMR_EnableCCxNChannel), (12 bytes).
    Removing apm32e10x_tmr.o(i.TMR_EnableDMASoure), (8 bytes).
    Removing apm32e10x_tmr.o(i.TMR_EnableHallSensor), (12 bytes).
    Removing apm32e10x_tmr.o(i.TMR_EnableInterrupt), (8 bytes).
    Removing apm32e10x_tmr.o(i.TMR_EnableMasterSlaveMode), (12 bytes).
    Removing apm32e10x_tmr.o(i.TMR_EnablePWMOutputs), (14 bytes).
    Removing apm32e10x_tmr.o(i.TMR_EnableSelectCOM), (12 bytes).
    Removing apm32e10x_tmr.o(i.TMR_EnableUpdate), (10 bytes).
    Removing apm32e10x_tmr.o(i.TMR_GenerateEvent), (4 bytes).
    Removing apm32e10x_tmr.o(i.TMR_ReadCaputer1), (8 bytes).
    Removing apm32e10x_tmr.o(i.TMR_ReadCaputer2), (8 bytes).
    Removing apm32e10x_tmr.o(i.TMR_ReadCaputer3), (8 bytes).
    Removing apm32e10x_tmr.o(i.TMR_ReadCaputer4), (8 bytes).
    Removing apm32e10x_tmr.o(i.TMR_ReadCounter), (8 bytes).
    Removing apm32e10x_tmr.o(i.TMR_ReadIntFlag), (22 bytes).
    Removing apm32e10x_tmr.o(i.TMR_ReadPrescaler), (8 bytes).
    Removing apm32e10x_tmr.o(i.TMR_ReadStatusFlag), (16 bytes).
    Removing apm32e10x_tmr.o(i.TMR_Reset), (192 bytes).
    Removing apm32e10x_tmr.o(i.TMR_SelectInputTrigger), (18 bytes).
    Removing apm32e10x_tmr.o(i.TMR_SelectOCxMode), (66 bytes).
    Removing apm32e10x_tmr.o(i.TMR_SelectOutputTrigger), (10 bytes).
    Removing apm32e10x_tmr.o(i.TMR_SelectSlaveMode), (10 bytes).
    Removing apm32e10x_usart.o(.rev16_text), (4 bytes).
    Removing apm32e10x_usart.o(.revsh_text), (4 bytes).
    Removing apm32e10x_usart.o(.rrx_text), (6 bytes).
    Removing apm32e10x_usart.o(i.USART_Address), (10 bytes).
    Removing apm32e10x_usart.o(i.USART_ClearIntFlag), (16 bytes).
    Removing apm32e10x_usart.o(i.USART_ClearStatusFlag), (8 bytes).
    Removing apm32e10x_usart.o(i.USART_ConfigClock), (42 bytes).
    Removing apm32e10x_usart.o(i.USART_ConfigClockStructInit), (12 bytes).
    Removing apm32e10x_usart.o(i.USART_ConfigGuardTime), (10 bytes).
    Removing apm32e10x_usart.o(i.USART_ConfigIrDA), (10 bytes).
    Removing apm32e10x_usart.o(i.USART_ConfigLINBreakDetectLength), (10 bytes).
    Removing apm32e10x_usart.o(i.USART_ConfigPrescaler), (10 bytes).
    Removing apm32e10x_usart.o(i.USART_ConfigStructInit), (24 bytes).
    Removing apm32e10x_usart.o(i.USART_ConfigWakeUp), (10 bytes).
    Removing apm32e10x_usart.o(i.USART_Disable), (10 bytes).
    Removing apm32e10x_usart.o(i.USART_DisableDMA), (8 bytes).
    Removing apm32e10x_usart.o(i.USART_DisableHalfDuplex), (10 bytes).
    Removing apm32e10x_usart.o(i.USART_DisableInterrupt), (42 bytes).
    Removing apm32e10x_usart.o(i.USART_DisableIrDA), (10 bytes).
    Removing apm32e10x_usart.o(i.USART_DisableLIN), (10 bytes).
    Removing apm32e10x_usart.o(i.USART_DisableMuteMode), (10 bytes).
    Removing apm32e10x_usart.o(i.USART_DisableRx), (10 bytes).
    Removing apm32e10x_usart.o(i.USART_DisableSmartCard), (10 bytes).
    Removing apm32e10x_usart.o(i.USART_DisableSmartCardNACK), (10 bytes).
    Removing apm32e10x_usart.o(i.USART_DisableTx), (10 bytes).
    Removing apm32e10x_usart.o(i.USART_EnableDMA), (8 bytes).
    Removing apm32e10x_usart.o(i.USART_EnableHalfDuplex), (12 bytes).
    Removing apm32e10x_usart.o(i.USART_EnableInterrupt), (40 bytes).
    Removing apm32e10x_usart.o(i.USART_EnableIrDA), (12 bytes).
    Removing apm32e10x_usart.o(i.USART_EnableLIN), (14 bytes).
    Removing apm32e10x_usart.o(i.USART_EnableMuteMode), (12 bytes).
    Removing apm32e10x_usart.o(i.USART_EnableRx), (12 bytes).
    Removing apm32e10x_usart.o(i.USART_EnableSmartCard), (12 bytes).
    Removing apm32e10x_usart.o(i.USART_EnableSmartCardNACK), (12 bytes).
    Removing apm32e10x_usart.o(i.USART_EnableTx), (12 bytes).
    Removing apm32e10x_usart.o(i.USART_ReadIntFlag), (62 bytes).
    Removing apm32e10x_usart.o(i.USART_Reset), (144 bytes).
    Removing apm32e10x_usart.o(i.USART_RxData), (10 bytes).
    Removing apm32e10x_usart.o(i.USART_TxBreak), (12 bytes).
    Removing apm32e10x_usb.o(.rev16_text), (4 bytes).
    Removing apm32e10x_usb.o(.revsh_text), (4 bytes).
    Removing apm32e10x_usb.o(.rrx_text), (6 bytes).
    Removing apm32e10x_usb.o(i.USBD_ReadDataFromEP), (64 bytes).
    Removing apm32e10x_usb.o(i.USBD_ResetEPKind), (52 bytes).
    Removing apm32e10x_usb.o(i.USBD_ResetEPRxFlag), (52 bytes).
    Removing apm32e10x_usb.o(i.USBD_ResetEPTxFlag), (52 bytes).
    Removing apm32e10x_usb.o(i.USBD_ResetRxToggle), (32 bytes).
    Removing apm32e10x_usb.o(i.USBD_ResetTxToggle), (32 bytes).
    Removing apm32e10x_usb.o(i.USBD_SetEPKind), (52 bytes).
    Removing apm32e10x_usb.o(i.USBD_SetEPRxCnt), (88 bytes).
    Removing apm32e10x_usb.o(i.USBD_SetEPRxStatus), (56 bytes).
    Removing apm32e10x_usb.o(i.USBD_SetEPRxTxStatus), (68 bytes).
    Removing apm32e10x_usb.o(i.USBD_SetEPTxStatus), (60 bytes).
    Removing apm32e10x_usb.o(i.USBD_SetEPType), (60 bytes).
    Removing apm32e10x_usb.o(i.USBD_SetEpAddr), (56 bytes).
    Removing apm32e10x_usb.o(i.USBD_ToggleRx), (52 bytes).
    Removing apm32e10x_usb.o(i.USBD_ToggleTx), (52 bytes).
    Removing apm32e10x_usb.o(i.USBD_WriteDataToEP), (64 bytes).
    Removing apm32e10x_wwdt.o(.rev16_text), (4 bytes).
    Removing apm32e10x_wwdt.o(.revsh_text), (4 bytes).
    Removing apm32e10x_wwdt.o(.rrx_text), (6 bytes).
    Removing apm32e10x_wwdt.o(i.WWDT_ClearFlag), (20 bytes).
    Removing apm32e10x_wwdt.o(i.WWDT_ConfigCounter), (16 bytes).
    Removing apm32e10x_wwdt.o(i.WWDT_ConfigTimebase), (32 bytes).
    Removing apm32e10x_wwdt.o(i.WWDT_ConfigWindowData), (36 bytes).
    Removing apm32e10x_wwdt.o(i.WWDT_Enable), (16 bytes).
    Removing apm32e10x_wwdt.o(i.WWDT_EnableEWI), (24 bytes).
    Removing apm32e10x_wwdt.o(i.WWDT_ReadFlag), (12 bytes).
    Removing apm32e10x_wwdt.o(i.WWDT_Reset), (20 bytes).
    Removing board.o(.rev16_text), (4 bytes).
    Removing board.o(.revsh_text), (4 bytes).
    Removing board.o(.rrx_text), (6 bytes).
    Removing board.o(i.APM_MINI_COMInit), (168 bytes).
    Removing board.o(i.APM_MINI_LEDInit), (76 bytes).
    Removing board.o(i.APM_MINI_LEDOff), (24 bytes).
    Removing board.o(i.APM_MINI_LEDOn), (24 bytes).
    Removing board.o(i.APM_MINI_LEDToggle), (36 bytes).
    Removing board.o(i.APM_MINI_PBGetState), (32 bytes).
    Removing board.o(i.APM_MINI_PBInit), (140 bytes).
    Removing board.o(.constdata), (68 bytes).
    Removing board.o(.data), (40 bytes).
    Removing apm32e10x_int.o(.rev16_text), (4 bytes).
    Removing apm32e10x_int.o(.revsh_text), (4 bytes).
    Removing apm32e10x_int.o(.rrx_text), (6 bytes).
    Removing main.o(.rev16_text), (4 bytes).
    Removing main.o(.revsh_text), (4 bytes).
    Removing main.o(.rrx_text), (6 bytes).
    Removing delay.o(.rev16_text), (4 bytes).
    Removing delay.o(.revsh_text), (4 bytes).
    Removing delay.o(.rrx_text), (6 bytes).
    Removing aht10.o(.rev16_text), (4 bytes).
    Removing aht10.o(.revsh_text), (4 bytes).
    Removing aht10.o(.rrx_text), (6 bytes).
    Removing iic.o(.rev16_text), (4 bytes).
    Removing iic.o(.revsh_text), (4 bytes).
    Removing iic.o(.rrx_text), (6 bytes).
    Removing usart.o(.rev16_text), (4 bytes).
    Removing usart.o(.revsh_text), (4 bytes).
    Removing usart.o(.rrx_text), (6 bytes).
    Removing usart.o(i.USART_Write), (48 bytes).

748 unused section(s) (total 25688 bytes) removed from the image.

==============================================================================

Image Symbol Table

    Local Symbols

    Symbol Name                              Value     Ov Type        Size  Object(Section)

    ../clib/microlib/division.c              0x00000000   Number         0  uldiv.o ABSOLUTE
    ../clib/microlib/division.c              0x00000000   Number         0  uidiv.o ABSOLUTE
    ../clib/microlib/init/entry.s            0x00000000   Number         0  entry11b.o ABSOLUTE
    ../clib/microlib/init/entry.s            0x00000000   Number         0  entry.o ABSOLUTE
    ../clib/microlib/init/entry.s            0x00000000   Number         0  entry5.o ABSOLUTE
    ../clib/microlib/init/entry.s            0x00000000   Number         0  entry8b.o ABSOLUTE
    ../clib/microlib/init/entry.s            0x00000000   Number         0  entry11a.o ABSOLUTE
    ../clib/microlib/init/entry.s            0x00000000   Number         0  entry10b.o ABSOLUTE
    ../clib/microlib/init/entry.s            0x00000000   Number         0  entry10a.o ABSOLUTE
    ../clib/microlib/init/entry.s            0x00000000   Number         0  entry8a.o ABSOLUTE
    ../clib/microlib/init/entry.s            0x00000000   Number         0  entry9b.o ABSOLUTE
    ../clib/microlib/init/entry.s            0x00000000   Number         0  entry2.o ABSOLUTE
    ../clib/microlib/init/entry.s            0x00000000   Number         0  entry7b.o ABSOLUTE
    ../clib/microlib/init/entry.s            0x00000000   Number         0  entry9a.o ABSOLUTE
    ../clib/microlib/init/entry.s            0x00000000   Number         0  entry7a.o ABSOLUTE
    ../clib/microlib/longlong.c              0x00000000   Number         0  llshl.o ABSOLUTE
    ../clib/microlib/longlong.c              0x00000000   Number         0  llsshr.o ABSOLUTE
    ../clib/microlib/longlong.c              0x00000000   Number         0  llushr.o ABSOLUTE
    ../clib/microlib/printf/printf.c         0x00000000   Number         0  printf0.o ABSOLUTE
    ../clib/microlib/printf/printf.c         0x00000000   Number         0  printf3.o ABSOLUTE
    ../clib/microlib/printf/printf.c         0x00000000   Number         0  printfa.o ABSOLUTE
    ../clib/microlib/printf/printf.c         0x00000000   Number         0  printfb.o ABSOLUTE
    ../clib/microlib/printf/printf.c         0x00000000   Number         0  printf8.o ABSOLUTE
    ../clib/microlib/printf/printf.c         0x00000000   Number         0  printf7.o ABSOLUTE
    ../clib/microlib/printf/printf.c         0x00000000   Number         0  printf6.o ABSOLUTE
    ../clib/microlib/printf/printf.c         0x00000000   Number         0  printf5.o ABSOLUTE
    ../clib/microlib/printf/printf.c         0x00000000   Number         0  printf4.o ABSOLUTE
    ../clib/microlib/printf/printf.c         0x00000000   Number         0  printf2.o ABSOLUTE
    ../clib/microlib/printf/printf.c         0x00000000   Number         0  printf1.o ABSOLUTE
    ../clib/microlib/printf/stubs.s          0x00000000   Number         0  stubs.o ABSOLUTE
    ../clib/microlib/stdio/streams.c         0x00000000   Number         0  stdout.o ABSOLUTE
    ../clib/microlib/stubs.s                 0x00000000   Number         0  iusefp.o ABSOLUTE
    ../fplib/microlib/fpadd.c                0x00000000   Number         0  dadd.o ABSOLUTE
    ../fplib/microlib/fpdiv.c                0x00000000   Number         0  ddiv.o ABSOLUTE
    ../fplib/microlib/fpepilogue.c           0x00000000   Number         0  depilogue.o ABSOLUTE
    ../fplib/microlib/fpfix.c                0x00000000   Number         0  dfixul.o ABSOLUTE
    ../fplib/microlib/fpflt.c                0x00000000   Number         0  dflti.o ABSOLUTE
    ../fplib/microlib/fpmul.c                0x00000000   Number         0  dmul.o ABSOLUTE
    ..\..\..\..\Boards\Board.c               0x00000000   Number         0  board.o ABSOLUTE
    ..\..\..\..\Libraries\APM32E10x_StdPeriphDriver\src\apm32e10x_adc.c 0x00000000   Number         0  apm32e10x_adc.o ABSOLUTE
    ..\..\..\..\Libraries\APM32E10x_StdPeriphDriver\src\apm32e10x_bakpr.c 0x00000000   Number         0  apm32e10x_bakpr.o ABSOLUTE
    ..\..\..\..\Libraries\APM32E10x_StdPeriphDriver\src\apm32e10x_can.c 0x00000000   Number         0  apm32e10x_can.o ABSOLUTE
    ..\..\..\..\Libraries\APM32E10x_StdPeriphDriver\src\apm32e10x_crc.c 0x00000000   Number         0  apm32e10x_crc.o ABSOLUTE
    ..\..\..\..\Libraries\APM32E10x_StdPeriphDriver\src\apm32e10x_dac.c 0x00000000   Number         0  apm32e10x_dac.o ABSOLUTE
    ..\..\..\..\Libraries\APM32E10x_StdPeriphDriver\src\apm32e10x_dbgmcu.c 0x00000000   Number         0  apm32e10x_dbgmcu.o ABSOLUTE
    ..\..\..\..\Libraries\APM32E10x_StdPeriphDriver\src\apm32e10x_dma.c 0x00000000   Number         0  apm32e10x_dma.o ABSOLUTE
    ..\..\..\..\Libraries\APM32E10x_StdPeriphDriver\src\apm32e10x_dmc.c 0x00000000   Number         0  apm32e10x_dmc.o ABSOLUTE
    ..\..\..\..\Libraries\APM32E10x_StdPeriphDriver\src\apm32e10x_eint.c 0x00000000   Number         0  apm32e10x_eint.o ABSOLUTE
    ..\..\..\..\Libraries\APM32E10x_StdPeriphDriver\src\apm32e10x_fmc.c 0x00000000   Number         0  apm32e10x_fmc.o ABSOLUTE
    ..\..\..\..\Libraries\APM32E10x_StdPeriphDriver\src\apm32e10x_gpio.c 0x00000000   Number         0  apm32e10x_gpio.o ABSOLUTE
    ..\..\..\..\Libraries\APM32E10x_StdPeriphDriver\src\apm32e10x_i2c.c 0x00000000   Number         0  apm32e10x_i2c.o ABSOLUTE
    ..\..\..\..\Libraries\APM32E10x_StdPeriphDriver\src\apm32e10x_iwdt.c 0x00000000   Number         0  apm32e10x_iwdt.o ABSOLUTE
    ..\..\..\..\Libraries\APM32E10x_StdPeriphDriver\src\apm32e10x_misc.c 0x00000000   Number         0  apm32e10x_misc.o ABSOLUTE
    ..\..\..\..\Libraries\APM32E10x_StdPeriphDriver\src\apm32e10x_pmu.c 0x00000000   Number         0  apm32e10x_pmu.o ABSOLUTE
    ..\..\..\..\Libraries\APM32E10x_StdPeriphDriver\src\apm32e10x_rcm.c 0x00000000   Number         0  apm32e10x_rcm.o ABSOLUTE
    ..\..\..\..\Libraries\APM32E10x_StdPeriphDriver\src\apm32e10x_rtc.c 0x00000000   Number         0  apm32e10x_rtc.o ABSOLUTE
    ..\..\..\..\Libraries\APM32E10x_StdPeriphDriver\src\apm32e10x_sci2c.c 0x00000000   Number         0  apm32e10x_sci2c.o ABSOLUTE
    ..\..\..\..\Libraries\APM32E10x_StdPeriphDriver\src\apm32e10x_sdio.c 0x00000000   Number         0  apm32e10x_sdio.o ABSOLUTE
    ..\..\..\..\Libraries\APM32E10x_StdPeriphDriver\src\apm32e10x_smc.c 0x00000000   Number         0  apm32e10x_smc.o ABSOLUTE
    ..\..\..\..\Libraries\APM32E10x_StdPeriphDriver\src\apm32e10x_spi.c 0x00000000   Number         0  apm32e10x_spi.o ABSOLUTE
    ..\..\..\..\Libraries\APM32E10x_StdPeriphDriver\src\apm32e10x_tmr.c 0x00000000   Number         0  apm32e10x_tmr.o ABSOLUTE
    ..\..\..\..\Libraries\APM32E10x_StdPeriphDriver\src\apm32e10x_usart.c 0x00000000   Number         0  apm32e10x_usart.o ABSOLUTE
    ..\..\..\..\Libraries\APM32E10x_StdPeriphDriver\src\apm32e10x_usb.c 0x00000000   Number         0  apm32e10x_usb.o ABSOLUTE
    ..\..\..\..\Libraries\APM32E10x_StdPeriphDriver\src\apm32e10x_wwdt.c 0x00000000   Number         0  apm32e10x_wwdt.o ABSOLUTE
    ..\..\..\..\Libraries\Device\Geehy\APM32E10x\Source\arm\startup_apm32e10x_hd.s 0x00000000   Number         0  startup_apm32e10x_hd.o ABSOLUTE
    ..\..\..\..\Libraries\Device\Geehy\APM32E10x\Source\system_apm32e10x.c 0x00000000   Number         0  system_apm32e10x.o ABSOLUTE
    ..\..\Source\aht10.c                     0x00000000   Number         0  aht10.o ABSOLUTE
    ..\..\Source\apm32e10x_int.c             0x00000000   Number         0  apm32e10x_int.o ABSOLUTE
    ..\..\Source\delay.c                     0x00000000   Number         0  delay.o ABSOLUTE
    ..\..\Source\iic.c                       0x00000000   Number         0  iic.o ABSOLUTE
    ..\..\Source\main.c                      0x00000000   Number         0  main.o ABSOLUTE
    ..\..\Source\usart.c                     0x00000000   Number         0  usart.o ABSOLUTE
    ..\\..\\..\\..\\Boards\\Board.c          0x00000000   Number         0  board.o ABSOLUTE
    ..\\..\\..\\..\\Libraries\\APM32E10x_StdPeriphDriver\\src\\apm32e10x_adc.c 0x00000000   Number         0  apm32e10x_adc.o ABSOLUTE
    ..\\..\\..\\..\\Libraries\\APM32E10x_StdPeriphDriver\\src\\apm32e10x_bakpr.c 0x00000000   Number         0  apm32e10x_bakpr.o ABSOLUTE
    ..\\..\\..\\..\\Libraries\\APM32E10x_StdPeriphDriver\\src\\apm32e10x_can.c 0x00000000   Number         0  apm32e10x_can.o ABSOLUTE
    ..\\..\\..\\..\\Libraries\\APM32E10x_StdPeriphDriver\\src\\apm32e10x_crc.c 0x00000000   Number         0  apm32e10x_crc.o ABSOLUTE
    ..\\..\\..\\..\\Libraries\\APM32E10x_StdPeriphDriver\\src\\apm32e10x_dac.c 0x00000000   Number         0  apm32e10x_dac.o ABSOLUTE
    ..\\..\\..\\..\\Libraries\\APM32E10x_StdPeriphDriver\\src\\apm32e10x_dbgmcu.c 0x00000000   Number         0  apm32e10x_dbgmcu.o ABSOLUTE
    ..\\..\\..\\..\\Libraries\\APM32E10x_StdPeriphDriver\\src\\apm32e10x_dma.c 0x00000000   Number         0  apm32e10x_dma.o ABSOLUTE
    ..\\..\\..\\..\\Libraries\\APM32E10x_StdPeriphDriver\\src\\apm32e10x_dmc.c 0x00000000   Number         0  apm32e10x_dmc.o ABSOLUTE
    ..\\..\\..\\..\\Libraries\\APM32E10x_StdPeriphDriver\\src\\apm32e10x_eint.c 0x00000000   Number         0  apm32e10x_eint.o ABSOLUTE
    ..\\..\\..\\..\\Libraries\\APM32E10x_StdPeriphDriver\\src\\apm32e10x_fmc.c 0x00000000   Number         0  apm32e10x_fmc.o ABSOLUTE
    ..\\..\\..\\..\\Libraries\\APM32E10x_StdPeriphDriver\\src\\apm32e10x_gpio.c 0x00000000   Number         0  apm32e10x_gpio.o ABSOLUTE
    ..\\..\\..\\..\\Libraries\\APM32E10x_StdPeriphDriver\\src\\apm32e10x_i2c.c 0x00000000   Number         0  apm32e10x_i2c.o ABSOLUTE
    ..\\..\\..\\..\\Libraries\\APM32E10x_StdPeriphDriver\\src\\apm32e10x_iwdt.c 0x00000000   Number         0  apm32e10x_iwdt.o ABSOLUTE
    ..\\..\\..\\..\\Libraries\\APM32E10x_StdPeriphDriver\\src\\apm32e10x_misc.c 0x00000000   Number         0  apm32e10x_misc.o ABSOLUTE
    ..\\..\\..\\..\\Libraries\\APM32E10x_StdPeriphDriver\\src\\apm32e10x_pmu.c 0x00000000   Number         0  apm32e10x_pmu.o ABSOLUTE
    ..\\..\\..\\..\\Libraries\\APM32E10x_StdPeriphDriver\\src\\apm32e10x_rcm.c 0x00000000   Number         0  apm32e10x_rcm.o ABSOLUTE
    ..\\..\\..\\..\\Libraries\\APM32E10x_StdPeriphDriver\\src\\apm32e10x_rtc.c 0x00000000   Number         0  apm32e10x_rtc.o ABSOLUTE
    ..\\..\\..\\..\\Libraries\\APM32E10x_StdPeriphDriver\\src\\apm32e10x_sci2c.c 0x00000000   Number         0  apm32e10x_sci2c.o ABSOLUTE
    ..\\..\\..\\..\\Libraries\\APM32E10x_StdPeriphDriver\\src\\apm32e10x_sdio.c 0x00000000   Number         0  apm32e10x_sdio.o ABSOLUTE
    ..\\..\\..\\..\\Libraries\\APM32E10x_StdPeriphDriver\\src\\apm32e10x_smc.c 0x00000000   Number         0  apm32e10x_smc.o ABSOLUTE
    ..\\..\\..\\..\\Libraries\\APM32E10x_StdPeriphDriver\\src\\apm32e10x_spi.c 0x00000000   Number         0  apm32e10x_spi.o ABSOLUTE
    ..\\..\\..\\..\\Libraries\\APM32E10x_StdPeriphDriver\\src\\apm32e10x_tmr.c 0x00000000   Number         0  apm32e10x_tmr.o ABSOLUTE
    ..\\..\\..\\..\\Libraries\\APM32E10x_StdPeriphDriver\\src\\apm32e10x_usart.c 0x00000000   Number         0  apm32e10x_usart.o ABSOLUTE
    ..\\..\\..\\..\\Libraries\\APM32E10x_StdPeriphDriver\\src\\apm32e10x_usb.c 0x00000000   Number         0  apm32e10x_usb.o ABSOLUTE
    ..\\..\\..\\..\\Libraries\\APM32E10x_StdPeriphDriver\\src\\apm32e10x_wwdt.c 0x00000000   Number         0  apm32e10x_wwdt.o ABSOLUTE
    ..\\..\\..\\..\\Libraries\\Device\\Geehy\\APM32E10x\\Source\\system_apm32e10x.c 0x00000000   Number         0  system_apm32e10x.o ABSOLUTE
    ..\\..\\Source\\aht10.c                  0x00000000   Number         0  aht10.o ABSOLUTE
    ..\\..\\Source\\apm32e10x_int.c          0x00000000   Number         0  apm32e10x_int.o ABSOLUTE
    ..\\..\\Source\\delay.c                  0x00000000   Number         0  delay.o ABSOLUTE
    ..\\..\\Source\\iic.c                    0x00000000   Number         0  iic.o ABSOLUTE
    ..\\..\\Source\\main.c                   0x00000000   Number         0  main.o ABSOLUTE
    ..\\..\\Source\\usart.c                  0x00000000   Number         0  usart.o ABSOLUTE
    cdrcmple.s                               0x00000000   Number         0  cdrcmple.o ABSOLUTE
    dc.s                                     0x00000000   Number         0  dc.o ABSOLUTE
    handlers.s                               0x00000000   Number         0  handlers.o ABSOLUTE
    init.s                                   0x00000000   Number         0  init.o ABSOLUTE
    RESET                                    0x08000000   Section      324  startup_apm32e10x_hd.o(RESET)
    .ARM.Collect$$$$00000000                 0x08000144   Section        0  entry.o(.ARM.Collect$$$$00000000)
    .ARM.Collect$$$$00000001                 0x08000144   Section        4  entry2.o(.ARM.Collect$$$$00000001)
    .ARM.Collect$$$$00000004                 0x08000148   Section        4  entry5.o(.ARM.Collect$$$$00000004)
    .ARM.Collect$$$$00000008                 0x0800014c   Section        0  entry7b.o(.ARM.Collect$$$$00000008)
    .ARM.Collect$$$$0000000A                 0x0800014c   Section        0  entry8b.o(.ARM.Collect$$$$0000000A)
    .ARM.Collect$$$$0000000B                 0x0800014c   Section        8  entry9a.o(.ARM.Collect$$$$0000000B)
    .ARM.Collect$$$$0000000D                 0x08000154   Section        0  entry10a.o(.ARM.Collect$$$$0000000D)
    .ARM.Collect$$$$0000000F                 0x08000154   Section        0  entry11a.o(.ARM.Collect$$$$0000000F)
    .ARM.Collect$$$$00002712                 0x08000154   Section        4  entry2.o(.ARM.Collect$$$$00002712)
    __lit__00000000                          0x08000154   Data           4  entry2.o(.ARM.Collect$$$$00002712)
    .text                                    0x08000158   Section       36  startup_apm32e10x_hd.o(.text)
    .text                                    0x0800017c   Section        0  dadd.o(.text)
    .text                                    0x080002ca   Section        0  dmul.o(.text)
    .text                                    0x080003ae   Section        0  ddiv.o(.text)
    .text                                    0x0800048c   Section        0  dflti.o(.text)
    .text                                    0x080004ae   Section        0  uidiv.o(.text)
    .text                                    0x080004da   Section        0  uldiv.o(.text)
    .text                                    0x0800053c   Section        0  llshl.o(.text)
    .text                                    0x0800055a   Section        0  llsshr.o(.text)
    .text                                    0x0800057e   Section        0  iusefp.o(.text)
    .text                                    0x0800057e   Section        0  depilogue.o(.text)
    .text                                    0x08000638   Section        0  dfixul.o(.text)
    .text                                    0x08000668   Section       48  cdrcmple.o(.text)
    .text                                    0x08000698   Section       36  init.o(.text)
    .text                                    0x080006bc   Section        0  llushr.o(.text)
    i.AHT10_Data                             0x080006dc   Section        0  aht10.o(i.AHT10_Data)
    i.AHT10_Init                             0x080007f0   Section        0  aht10.o(i.AHT10_Init)
    i.AHT10_ReadData                         0x08000882   Section        0  aht10.o(i.AHT10_ReadData)
    i.AHT10_ReadStatus                       0x080008b6   Section        0  aht10.o(i.AHT10_ReadStatus)
    i.AHT10_Read_CalEnable                   0x080008d6   Section        0  aht10.o(i.AHT10_Read_CalEnable)
    i.AHT10_Reset                            0x080008f0   Section        0  aht10.o(i.AHT10_Reset)
    i.BusFault_Handler                       0x08000910   Section        0  apm32e10x_int.o(i.BusFault_Handler)
    i.DebugMon_Handler                       0x08000914   Section        0  apm32e10x_int.o(i.DebugMon_Handler)
    i.GPIO_Config                            0x08000916   Section        0  apm32e10x_gpio.o(i.GPIO_Config)
    i.GPIO_ReadInputBit                      0x080009b0   Section        0  apm32e10x_gpio.o(i.GPIO_ReadInputBit)
    i.GPIO_ResetBit                          0x080009c2   Section        0  apm32e10x_gpio.o(i.GPIO_ResetBit)
    i.GPIO_SetBit                            0x080009c6   Section        0  apm32e10x_gpio.o(i.GPIO_SetBit)
    i.GPIO_WriteBitValue                     0x080009ca   Section        0  apm32e10x_gpio.o(i.GPIO_WriteBitValue)
    i.HardFault_Handler                      0x080009d4   Section        0  apm32e10x_int.o(i.HardFault_Handler)
    i.IIC_Init                               0x080009d8   Section        0  iic.o(i.IIC_Init)
    i.IIC_Read_Byte                          0x08000a10   Section        0  iic.o(i.IIC_Read_Byte)
    i.IIC_Send_Byte                          0x08000ac0   Section        0  iic.o(i.IIC_Send_Byte)
    i.IIC_Start                              0x08000b0c   Section        0  iic.o(i.IIC_Start)
    i.IIC_Stop                               0x08000b38   Section        0  iic.o(i.IIC_Stop)
    i.IIC_Wait_Ack                           0x08000b64   Section        0  iic.o(i.IIC_Wait_Ack)
    i.MemManage_Handler                      0x08000bb8   Section        0  apm32e10x_int.o(i.MemManage_Handler)
    i.NMI_Handler                            0x08000bbc   Section        0  apm32e10x_int.o(i.NMI_Handler)
    i.PendSV_Handler                         0x08000bbe   Section        0  apm32e10x_int.o(i.PendSV_Handler)
    i.RCM_EnableAPB2PeriphClock              0x08000bc0   Section        0  apm32e10x_rcm.o(i.RCM_EnableAPB2PeriphClock)
    i.RCM_ReadHCLKFreq                       0x08000bd0   Section        0  apm32e10x_rcm.o(i.RCM_ReadHCLKFreq)
    i.RCM_ReadPCLKFreq                       0x08000c0c   Section        0  apm32e10x_rcm.o(i.RCM_ReadPCLKFreq)
    i.RCM_ReadSYSCLKFreq                     0x08000c58   Section        0  apm32e10x_rcm.o(i.RCM_ReadSYSCLKFreq)
    i.SDA_IN                                 0x08000cbc   Section        0  iic.o(i.SDA_IN)
    i.SDA_OUT                                0x08000ce4   Section        0  iic.o(i.SDA_OUT)
    i.SVC_Handler                            0x08000d0c   Section        0  apm32e10x_int.o(i.SVC_Handler)
    i.SysTick_ConfigCLKSource                0x08000d0e   Section        0  apm32e10x_misc.o(i.SysTick_ConfigCLKSource)
    i.SysTick_Handler                        0x08000d36   Section        0  apm32e10x_int.o(i.SysTick_Handler)
    i.SystemClock72M                         0x08000d38   Section        0  system_apm32e10x.o(i.SystemClock72M)
    SystemClock72M                           0x08000d39   Thumb Code   212  system_apm32e10x.o(i.SystemClock72M)
    i.SystemClockConfig                      0x08000e14   Section        0  system_apm32e10x.o(i.SystemClockConfig)
    SystemClockConfig                        0x08000e15   Thumb Code     8  system_apm32e10x.o(i.SystemClockConfig)
    i.SystemInit                             0x08000e1c   Section        0  system_apm32e10x.o(i.SystemInit)
    i.USART_Config                           0x08000e7c   Section        0  apm32e10x_usart.o(i.USART_Config)
    i.USART_Enable                           0x08000f0c   Section        0  apm32e10x_usart.o(i.USART_Enable)
    i.USART_Init                             0x08000f1c   Section        0  usart.o(i.USART_Init)
    i.USART_ReadStatusFlag                   0x08000f98   Section        0  apm32e10x_usart.o(i.USART_ReadStatusFlag)
    i.USART_TxData                           0x08000fa8   Section        0  apm32e10x_usart.o(i.USART_TxData)
    i.UsageFault_Handler                     0x08000fb2   Section        0  apm32e10x_int.o(i.UsageFault_Handler)
    i.__0printf                              0x08000fb8   Section        0  printfa.o(i.__0printf)
    i.__scatterload_copy                     0x08000fd8   Section       14  handlers.o(i.__scatterload_copy)
    i.__scatterload_null                     0x08000fe6   Section        2  handlers.o(i.__scatterload_null)
    i.__scatterload_zeroinit                 0x08000fe8   Section       14  handlers.o(i.__scatterload_zeroinit)
    i._fp_digits                             0x08000ff8   Section        0  printfa.o(i._fp_digits)
    _fp_digits                               0x08000ff9   Thumb Code   366  printfa.o(i._fp_digits)
    i._printf_core                           0x0800117c   Section        0  printfa.o(i._printf_core)
    _printf_core                             0x0800117d   Thumb Code  1744  printfa.o(i._printf_core)
    i._printf_post_padding                   0x08001858   Section        0  printfa.o(i._printf_post_padding)
    _printf_post_padding                     0x08001859   Thumb Code    36  printfa.o(i._printf_post_padding)
    i._printf_pre_padding                    0x0800187c   Section        0  printfa.o(i._printf_pre_padding)
    _printf_pre_padding                      0x0800187d   Thumb Code    46  printfa.o(i._printf_pre_padding)
    i.delay_init                             0x080018ac   Section        0  delay.o(i.delay_init)
    i.delay_ms                               0x080018ec   Section        0  delay.o(i.delay_ms)
    i.delay_us                               0x08001938   Section        0  delay.o(i.delay_us)
    i.fputc                                  0x08001984   Section        0  usart.o(i.fputc)
    i.main                                   0x080019a8   Section        0  main.o(i.main)
    .data                                    0x20000000   Section        4  system_apm32e10x.o(.data)
    .data                                    0x20000004   Section        4  delay.o(.data)
    fac_us                                   0x20000004   Data           1  delay.o(.data)
    fac_ms                                   0x20000006   Data           2  delay.o(.data)
    .data                                    0x20000008   Section        4  stdout.o(.data)
    STACK                                    0x20000010   Section     1024  startup_apm32e10x_hd.o(STACK)

    Global Symbols

    Symbol Name                              Value     Ov Type        Size  Object(Section)

    BuildAttributes$$THM_ISAv4$P$D$K$B$S$PE$A:L22UL41UL21$X:L11$S22US41US21$IEEE1$IW$USESV6$~STKCKD$USESV7$~SHL$OSPACE$ROPI$EBA8$MICROLIB$REQ8$PRES8$EABIv2 0x00000000   Number         0  anon$$obj.o ABSOLUTE
    __ARM_use_no_argv                        0x00000000   Number         0  main.o ABSOLUTE
    _printf_a                                0x00000000   Number         0  stubs.o ABSOLUTE
    _printf_c                                0x00000000   Number         0  stubs.o ABSOLUTE
    _printf_charcount                        0x00000000   Number         0  stubs.o ABSOLUTE
    _printf_d                                0x00000000   Number         0  stubs.o ABSOLUTE
    _printf_e                                0x00000000   Number         0  stubs.o ABSOLUTE
    _printf_f                                0x00000000   Number         0  stubs.o ABSOLUTE
    _printf_flags                            0x00000000   Number         0  stubs.o ABSOLUTE
    _printf_fp_dec                           0x00000000   Number         0  stubs.o ABSOLUTE
    _printf_fp_hex                           0x00000000   Number         0  stubs.o ABSOLUTE
    _printf_g                                0x00000000   Number         0  stubs.o ABSOLUTE
    _printf_i                                0x00000000   Number         0  stubs.o ABSOLUTE
    _printf_int_dec                          0x00000000   Number         0  stubs.o ABSOLUTE
    _printf_l                                0x00000000   Number         0  stubs.o ABSOLUTE
    _printf_lc                               0x00000000   Number         0  stubs.o ABSOLUTE
    _printf_ll                               0x00000000   Number         0  stubs.o ABSOLUTE
    _printf_lld                              0x00000000   Number         0  stubs.o ABSOLUTE
    _printf_lli                              0x00000000   Number         0  stubs.o ABSOLUTE
    _printf_llo                              0x00000000   Number         0  stubs.o ABSOLUTE
    _printf_llu                              0x00000000   Number         0  stubs.o ABSOLUTE
    _printf_llx                              0x00000000   Number         0  stubs.o ABSOLUTE
    _printf_longlong_dec                     0x00000000   Number         0  stubs.o ABSOLUTE
    _printf_longlong_hex                     0x00000000   Number         0  stubs.o ABSOLUTE
    _printf_longlong_oct                     0x00000000   Number         0  stubs.o ABSOLUTE
    _printf_ls                               0x00000000   Number         0  stubs.o ABSOLUTE
    _printf_mbtowc                           0x00000000   Number         0  stubs.o ABSOLUTE
    _printf_n                                0x00000000   Number         0  stubs.o ABSOLUTE
    _printf_o                                0x00000000   Number         0  stubs.o ABSOLUTE
    _printf_p                                0x00000000   Number         0  stubs.o ABSOLUTE
    _printf_percent                          0x00000000   Number         0  stubs.o ABSOLUTE
    _printf_pre_padding                      0x00000000   Number         0  stubs.o ABSOLUTE
    _printf_return_value                     0x00000000   Number         0  stubs.o ABSOLUTE
    _printf_s                                0x00000000   Number         0  stubs.o ABSOLUTE
    _printf_sizespec                         0x00000000   Number         0  stubs.o ABSOLUTE
    _printf_str                              0x00000000   Number         0  stubs.o ABSOLUTE
    _printf_truncate_signed                  0x00000000   Number         0  stubs.o ABSOLUTE
    _printf_truncate_unsigned                0x00000000   Number         0  stubs.o ABSOLUTE
    _printf_u                                0x00000000   Number         0  stubs.o ABSOLUTE
    _printf_wc                               0x00000000   Number         0  stubs.o ABSOLUTE
    _printf_wctomb                           0x00000000   Number         0  stubs.o ABSOLUTE
    _printf_widthprec                        0x00000000   Number         0  stubs.o ABSOLUTE
    _printf_x                                0x00000000   Number         0  stubs.o ABSOLUTE
    __cpp_initialize__aeabi_                  - Undefined Weak Reference
    __cxa_finalize                            - Undefined Weak Reference
    __decompress                              - Undefined Weak Reference
    _clock_init                               - Undefined Weak Reference
    _microlib_exit                            - Undefined Weak Reference
    __Vectors_Size                           0x00000144   Number         0  startup_apm32e10x_hd.o ABSOLUTE
    __Vectors                                0x08000000   Data           4  startup_apm32e10x_hd.o(RESET)
    __Vectors_End                            0x08000144   Data           0  startup_apm32e10x_hd.o(RESET)
    __main                                   0x08000145   Thumb Code     0  entry.o(.ARM.Collect$$$$00000000)
    _main_stk                                0x08000145   Thumb Code     0  entry2.o(.ARM.Collect$$$$00000001)
    _main_scatterload                        0x08000149   Thumb Code     0  entry5.o(.ARM.Collect$$$$00000004)
    __main_after_scatterload                 0x0800014d   Thumb Code     0  entry5.o(.ARM.Collect$$$$00000004)
    _main_clock                              0x0800014d   Thumb Code     0  entry7b.o(.ARM.Collect$$$$00000008)
    _main_cpp_init                           0x0800014d   Thumb Code     0  entry8b.o(.ARM.Collect$$$$0000000A)
    _main_init                               0x0800014d   Thumb Code     0  entry9a.o(.ARM.Collect$$$$0000000B)
    __rt_final_cpp                           0x08000155   Thumb Code     0  entry10a.o(.ARM.Collect$$$$0000000D)
    __rt_final_exit                          0x08000155   Thumb Code     0  entry11a.o(.ARM.Collect$$$$0000000F)
    Reset_Handler                            0x08000159   Thumb Code     8  startup_apm32e10x_hd.o(.text)
    ADC1_2_IRQHandler                        0x08000173   Thumb Code     0  startup_apm32e10x_hd.o(.text)
    ADC3_IRQHandler                          0x08000173   Thumb Code     0  startup_apm32e10x_hd.o(.text)
    CAN1_RX1_IRQHandler                      0x08000173   Thumb Code     0  startup_apm32e10x_hd.o(.text)
    CAN1_SCE_IRQHandler                      0x08000173   Thumb Code     0  startup_apm32e10x_hd.o(.text)
    CAN2_RX1_IRQHandler                      0x08000173   Thumb Code     0  startup_apm32e10x_hd.o(.text)
    CAN2_SCE_IRQHandler                      0x08000173   Thumb Code     0  startup_apm32e10x_hd.o(.text)
    DMA1_Channel1_IRQHandler                 0x08000173   Thumb Code     0  startup_apm32e10x_hd.o(.text)
    DMA1_Channel2_IRQHandler                 0x08000173   Thumb Code     0  startup_apm32e10x_hd.o(.text)
    DMA1_Channel3_IRQHandler                 0x08000173   Thumb Code     0  startup_apm32e10x_hd.o(.text)
    DMA1_Channel4_IRQHandler                 0x08000173   Thumb Code     0  startup_apm32e10x_hd.o(.text)
    DMA1_Channel5_IRQHandler                 0x08000173   Thumb Code     0  startup_apm32e10x_hd.o(.text)
    DMA1_Channel6_IRQHandler                 0x08000173   Thumb Code     0  startup_apm32e10x_hd.o(.text)
    DMA1_Channel7_IRQHandler                 0x08000173   Thumb Code     0  startup_apm32e10x_hd.o(.text)
    DMA2_Channel1_IRQHandler                 0x08000173   Thumb Code     0  startup_apm32e10x_hd.o(.text)
    DMA2_Channel2_IRQHandler                 0x08000173   Thumb Code     0  startup_apm32e10x_hd.o(.text)
    DMA2_Channel3_IRQHandler                 0x08000173   Thumb Code     0  startup_apm32e10x_hd.o(.text)
    DMA2_Channel4_5_IRQHandler               0x08000173   Thumb Code     0  startup_apm32e10x_hd.o(.text)
    EINT0_IRQHandler                         0x08000173   Thumb Code     0  startup_apm32e10x_hd.o(.text)
    EINT15_10_IRQHandler                     0x08000173   Thumb Code     0  startup_apm32e10x_hd.o(.text)
    EINT1_IRQHandler                         0x08000173   Thumb Code     0  startup_apm32e10x_hd.o(.text)
    EINT2_IRQHandler                         0x08000173   Thumb Code     0  startup_apm32e10x_hd.o(.text)
    EINT3_IRQHandler                         0x08000173   Thumb Code     0  startup_apm32e10x_hd.o(.text)
    EINT4_IRQHandler                         0x08000173   Thumb Code     0  startup_apm32e10x_hd.o(.text)
    EINT9_5_IRQHandler                       0x08000173   Thumb Code     0  startup_apm32e10x_hd.o(.text)
    EMMC_IRQHandler                          0x08000173   Thumb Code     0  startup_apm32e10x_hd.o(.text)
    FLASH_IRQHandler                         0x08000173   Thumb Code     0  startup_apm32e10x_hd.o(.text)
    I2C1_ER_IRQHandler                       0x08000173   Thumb Code     0  startup_apm32e10x_hd.o(.text)
    I2C1_EV_IRQHandler                       0x08000173   Thumb Code     0  startup_apm32e10x_hd.o(.text)
    I2C2_ER_IRQHandler                       0x08000173   Thumb Code     0  startup_apm32e10x_hd.o(.text)
    I2C2_EV_IRQHandler                       0x08000173   Thumb Code     0  startup_apm32e10x_hd.o(.text)
    PVD_IRQHandler                           0x08000173   Thumb Code     0  startup_apm32e10x_hd.o(.text)
    RCM_IRQHandler                           0x08000173   Thumb Code     0  startup_apm32e10x_hd.o(.text)
    RTCAlarm_IRQHandler                      0x08000173   Thumb Code     0  startup_apm32e10x_hd.o(.text)
    RTC_IRQHandler                           0x08000173   Thumb Code     0  startup_apm32e10x_hd.o(.text)
    SDIO_IRQHandler                          0x08000173   Thumb Code     0  startup_apm32e10x_hd.o(.text)
    SPI1_IRQHandler                          0x08000173   Thumb Code     0  startup_apm32e10x_hd.o(.text)
    SPI2_IRQHandler                          0x08000173   Thumb Code     0  startup_apm32e10x_hd.o(.text)
    SPI3_IRQHandler                          0x08000173   Thumb Code     0  startup_apm32e10x_hd.o(.text)
    TAMPER_IRQHandler                        0x08000173   Thumb Code     0  startup_apm32e10x_hd.o(.text)
    TMR1_BRK_IRQHandler                      0x08000173   Thumb Code     0  startup_apm32e10x_hd.o(.text)
    TMR1_CC_IRQHandler                       0x08000173   Thumb Code     0  startup_apm32e10x_hd.o(.text)
    TMR1_TRG_COM_IRQHandler                  0x08000173   Thumb Code     0  startup_apm32e10x_hd.o(.text)
    TMR1_UP_IRQHandler                       0x08000173   Thumb Code     0  startup_apm32e10x_hd.o(.text)
    TMR2_IRQHandler                          0x08000173   Thumb Code     0  startup_apm32e10x_hd.o(.text)
    TMR3_IRQHandler                          0x08000173   Thumb Code     0  startup_apm32e10x_hd.o(.text)
    TMR4_IRQHandler                          0x08000173   Thumb Code     0  startup_apm32e10x_hd.o(.text)
    TMR5_IRQHandler                          0x08000173   Thumb Code     0  startup_apm32e10x_hd.o(.text)
    TMR6_IRQHandler                          0x08000173   Thumb Code     0  startup_apm32e10x_hd.o(.text)
    TMR7_IRQHandler                          0x08000173   Thumb Code     0  startup_apm32e10x_hd.o(.text)
    TMR8_BRK_IRQHandler                      0x08000173   Thumb Code     0  startup_apm32e10x_hd.o(.text)
    TMR8_CC_IRQHandler                       0x08000173   Thumb Code     0  startup_apm32e10x_hd.o(.text)
    TMR8_TRG_COM_IRQHandler                  0x08000173   Thumb Code     0  startup_apm32e10x_hd.o(.text)
    TMR8_UP_IRQHandler                       0x08000173   Thumb Code     0  startup_apm32e10x_hd.o(.text)
    UART4_IRQHandler                         0x08000173   Thumb Code     0  startup_apm32e10x_hd.o(.text)
    UART5_IRQHandler                         0x08000173   Thumb Code     0  startup_apm32e10x_hd.o(.text)
    USART1_IRQHandler                        0x08000173   Thumb Code     0  startup_apm32e10x_hd.o(.text)
    USART2_IRQHandler                        0x08000173   Thumb Code     0  startup_apm32e10x_hd.o(.text)
    USART3_IRQHandler                        0x08000173   Thumb Code     0  startup_apm32e10x_hd.o(.text)
    USBD1_HP_CAN1_TX_IRQHandler              0x08000173   Thumb Code     0  startup_apm32e10x_hd.o(.text)
    USBD1_LP_CAN1_RX0_IRQHandler             0x08000173   Thumb Code     0  startup_apm32e10x_hd.o(.text)
    USBD2_HP_CAN2_TX_IRQHandler              0x08000173   Thumb Code     0  startup_apm32e10x_hd.o(.text)
    USBD2_LP_CAN2_RX0_IRQHandler             0x08000173   Thumb Code     0  startup_apm32e10x_hd.o(.text)
    USBDWakeUp_IRQHandler                    0x08000173   Thumb Code     0  startup_apm32e10x_hd.o(.text)
    WWDT_IRQHandler                          0x08000173   Thumb Code     0  startup_apm32e10x_hd.o(.text)
    __aeabi_dadd                             0x0800017d   Thumb Code   322  dadd.o(.text)
    __aeabi_dsub                             0x080002bf   Thumb Code     6  dadd.o(.text)
    __aeabi_drsub                            0x080002c5   Thumb Code     6  dadd.o(.text)
    __aeabi_dmul                             0x080002cb   Thumb Code   228  dmul.o(.text)
    __aeabi_ddiv                             0x080003af   Thumb Code   222  ddiv.o(.text)
    __aeabi_i2d                              0x0800048d   Thumb Code    34  dflti.o(.text)
    __aeabi_uidiv                            0x080004af   Thumb Code     0  uidiv.o(.text)
    __aeabi_uidivmod                         0x080004af   Thumb Code    44  uidiv.o(.text)
    __aeabi_uldivmod                         0x080004db   Thumb Code    98  uldiv.o(.text)
    __aeabi_llsl                             0x0800053d   Thumb Code    30  llshl.o(.text)
    _ll_shift_l                              0x0800053d   Thumb Code     0  llshl.o(.text)
    __aeabi_lasr                             0x0800055b   Thumb Code    36  llsshr.o(.text)
    _ll_sshift_r                             0x0800055b   Thumb Code     0  llsshr.o(.text)
    __I$use$fp                               0x0800057f   Thumb Code     0  iusefp.o(.text)
    _double_round                            0x0800057f   Thumb Code    30  depilogue.o(.text)
    _double_epilogue                         0x0800059d   Thumb Code   156  depilogue.o(.text)
    __aeabi_d2ulz                            0x08000639   Thumb Code    48  dfixul.o(.text)
    __aeabi_cdrcmple                         0x08000669   Thumb Code    48  cdrcmple.o(.text)
    __scatterload                            0x08000699   Thumb Code    28  init.o(.text)
    __scatterload_rt2                        0x08000699   Thumb Code     0  init.o(.text)
    __aeabi_llsr                             0x080006bd   Thumb Code    32  llushr.o(.text)
    _ll_ushift_r                             0x080006bd   Thumb Code     0  llushr.o(.text)
    AHT10_Data                               0x080006dd   Thumb Code   260  aht10.o(i.AHT10_Data)
    AHT10_Init                               0x080007f1   Thumb Code   146  aht10.o(i.AHT10_Init)
    AHT10_ReadData                           0x08000883   Thumb Code    52  aht10.o(i.AHT10_ReadData)
    AHT10_ReadStatus                         0x080008b7   Thumb Code    32  aht10.o(i.AHT10_ReadStatus)
    AHT10_Read_CalEnable                     0x080008d7   Thumb Code    26  aht10.o(i.AHT10_Read_CalEnable)
    AHT10_Reset                              0x080008f1   Thumb Code    32  aht10.o(i.AHT10_Reset)
    BusFault_Handler                         0x08000911   Thumb Code     4  apm32e10x_int.o(i.BusFault_Handler)
    DebugMon_Handler                         0x08000915   Thumb Code     2  apm32e10x_int.o(i.DebugMon_Handler)
    GPIO_Config                              0x08000917   Thumb Code   154  apm32e10x_gpio.o(i.GPIO_Config)
    GPIO_ReadInputBit                        0x080009b1   Thumb Code    18  apm32e10x_gpio.o(i.GPIO_ReadInputBit)
    GPIO_ResetBit                            0x080009c3   Thumb Code     4  apm32e10x_gpio.o(i.GPIO_ResetBit)
    GPIO_SetBit                              0x080009c7   Thumb Code     4  apm32e10x_gpio.o(i.GPIO_SetBit)
    GPIO_WriteBitValue                       0x080009cb   Thumb Code    10  apm32e10x_gpio.o(i.GPIO_WriteBitValue)
    HardFault_Handler                        0x080009d5   Thumb Code     4  apm32e10x_int.o(i.HardFault_Handler)
    IIC_Init                                 0x080009d9   Thumb Code    52  iic.o(i.IIC_Init)
    IIC_Read_Byte                            0x08000a11   Thumb Code   172  iic.o(i.IIC_Read_Byte)
    IIC_Send_Byte                            0x08000ac1   Thumb Code    72  iic.o(i.IIC_Send_Byte)
    IIC_Start                                0x08000b0d   Thumb Code    38  iic.o(i.IIC_Start)
    IIC_Stop                                 0x08000b39   Thumb Code    38  iic.o(i.IIC_Stop)
    IIC_Wait_Ack                             0x08000b65   Thumb Code    78  iic.o(i.IIC_Wait_Ack)
    MemManage_Handler                        0x08000bb9   Thumb Code     4  apm32e10x_int.o(i.MemManage_Handler)
    NMI_Handler                              0x08000bbd   Thumb Code     2  apm32e10x_int.o(i.NMI_Handler)
    PendSV_Handler                           0x08000bbf   Thumb Code     2  apm32e10x_int.o(i.PendSV_Handler)
    RCM_EnableAPB2PeriphClock                0x08000bc1   Thumb Code    12  apm32e10x_rcm.o(i.RCM_EnableAPB2PeriphClock)
    RCM_ReadHCLKFreq                         0x08000bd1   Thumb Code    38  apm32e10x_rcm.o(i.RCM_ReadHCLKFreq)
    RCM_ReadPCLKFreq                         0x08000c0d   Thumb Code    62  apm32e10x_rcm.o(i.RCM_ReadPCLKFreq)
    RCM_ReadSYSCLKFreq                       0x08000c59   Thumb Code    86  apm32e10x_rcm.o(i.RCM_ReadSYSCLKFreq)
    SDA_IN                                   0x08000cbd   Thumb Code    36  iic.o(i.SDA_IN)
    SDA_OUT                                  0x08000ce5   Thumb Code    36  iic.o(i.SDA_OUT)
    SVC_Handler                              0x08000d0d   Thumb Code     2  apm32e10x_int.o(i.SVC_Handler)
    SysTick_ConfigCLKSource                  0x08000d0f   Thumb Code    40  apm32e10x_misc.o(i.SysTick_ConfigCLKSource)
    SysTick_Handler                          0x08000d37   Thumb Code     2  apm32e10x_int.o(i.SysTick_Handler)
    SystemInit                               0x08000e1d   Thumb Code    80  system_apm32e10x.o(i.SystemInit)
    USART_Config                             0x08000e7d   Thumb Code   138  apm32e10x_usart.o(i.USART_Config)
    USART_Enable                             0x08000f0d   Thumb Code    14  apm32e10x_usart.o(i.USART_Enable)
    USART_Init                               0x08000f1d   Thumb Code   116  usart.o(i.USART_Init)
    USART_ReadStatusFlag                     0x08000f99   Thumb Code    16  apm32e10x_usart.o(i.USART_ReadStatusFlag)
    USART_TxData                             0x08000fa9   Thumb Code    10  apm32e10x_usart.o(i.USART_TxData)
    UsageFault_Handler                       0x08000fb3   Thumb Code     4  apm32e10x_int.o(i.UsageFault_Handler)
    __0printf                                0x08000fb9   Thumb Code    22  printfa.o(i.__0printf)
    __1printf                                0x08000fb9   Thumb Code     0  printfa.o(i.__0printf)
    __2printf                                0x08000fb9   Thumb Code     0  printfa.o(i.__0printf)
    __c89printf                              0x08000fb9   Thumb Code     0  printfa.o(i.__0printf)
    printf                                   0x08000fb9   Thumb Code     0  printfa.o(i.__0printf)
    __scatterload_copy                       0x08000fd9   Thumb Code    14  handlers.o(i.__scatterload_copy)
    __scatterload_null                       0x08000fe7   Thumb Code     2  handlers.o(i.__scatterload_null)
    __scatterload_zeroinit                   0x08000fe9   Thumb Code    14  handlers.o(i.__scatterload_zeroinit)
    delay_init                               0x080018ad   Thumb Code    48  delay.o(i.delay_init)
    delay_ms                                 0x080018ed   Thumb Code    72  delay.o(i.delay_ms)
    delay_us                                 0x08001939   Thumb Code    72  delay.o(i.delay_us)
    fputc                                    0x08001985   Thumb Code    32  usart.o(i.fputc)
    main                                     0x080019a9   Thumb Code    88  main.o(i.main)
    Region$$Table$$Base                      0x08001a4c   Number         0  anon$$obj.o(Region$$Table)
    Region$$Table$$Limit                     0x08001a6c   Number         0  anon$$obj.o(Region$$Table)
    SystemCoreClock                          0x20000000   Data           4  system_apm32e10x.o(.data)
    __stdout                                 0x20000008   Data           4  stdout.o(.data)
    __initial_sp                             0x20000410   Data           0  startup_apm32e10x_hd.o(STACK)



==============================================================================

Memory Map of the image

  Image Entry point : 0x08000145

  Load Region LR_IROM1 (Base: 0x08000000, Size: 0x00001a78, Max: 0x00080000, ABSOLUTE)

    Execution Region ER_IROM1 (Exec base: 0x08000000, Load base: 0x08000000, Size: 0x00001a6c, Max: 0x00080000, ABSOLUTE)

    Exec Addr    Load Addr    Size         Type   Attr      Idx    E Section Name        Object

    0x08000000   0x08000000   0x00000144   Data   RO           71    RESET               startup_apm32e10x_hd.o
    0x08000144   0x08000144   0x00000000   Code   RO         4900  * .ARM.Collect$$$$00000000  mc_w.l(entry.o)
    0x08000144   0x08000144   0x00000004   Code   RO         5172    .ARM.Collect$$$$00000001  mc_w.l(entry2.o)
    0x08000148   0x08000148   0x00000004   Code   RO         5175    .ARM.Collect$$$$00000004  mc_w.l(entry5.o)
    0x0800014c   0x0800014c   0x00000000   Code   RO         5177    .ARM.Collect$$$$00000008  mc_w.l(entry7b.o)
    0x0800014c   0x0800014c   0x00000000   Code   RO         5179    .ARM.Collect$$$$0000000A  mc_w.l(entry8b.o)
    0x0800014c   0x0800014c   0x00000008   Code   RO         5180    .ARM.Collect$$$$0000000B  mc_w.l(entry9a.o)
    0x08000154   0x08000154   0x00000000   Code   RO         5182    .ARM.Collect$$$$0000000D  mc_w.l(entry10a.o)
    0x08000154   0x08000154   0x00000000   Code   RO         5184    .ARM.Collect$$$$0000000F  mc_w.l(entry11a.o)
    0x08000154   0x08000154   0x00000004   Code   RO         5173    .ARM.Collect$$$$00002712  mc_w.l(entry2.o)
    0x08000158   0x08000158   0x00000024   Code   RO           72    .text               startup_apm32e10x_hd.o
    0x0800017c   0x0800017c   0x0000014e   Code   RO         5164    .text               mf_w.l(dadd.o)
    0x080002ca   0x080002ca   0x000000e4   Code   RO         5166    .text               mf_w.l(dmul.o)
    0x080003ae   0x080003ae   0x000000de   Code   RO         5168    .text               mf_w.l(ddiv.o)
    0x0800048c   0x0800048c   0x00000022   Code   RO         5170    .text               mf_w.l(dflti.o)
    0x080004ae   0x080004ae   0x0000002c   Code   RO         5187    .text               mc_w.l(uidiv.o)
    0x080004da   0x080004da   0x00000062   Code   RO         5189    .text               mc_w.l(uldiv.o)
    0x0800053c   0x0800053c   0x0000001e   Code   RO         5191    .text               mc_w.l(llshl.o)
    0x0800055a   0x0800055a   0x00000024   Code   RO         5193    .text               mc_w.l(llsshr.o)
    0x0800057e   0x0800057e   0x00000000   Code   RO         5195    .text               mc_w.l(iusefp.o)
    0x0800057e   0x0800057e   0x000000ba   Code   RO         5196    .text               mf_w.l(depilogue.o)
    0x08000638   0x08000638   0x00000030   Code   RO         5198    .text               mf_w.l(dfixul.o)
    0x08000668   0x08000668   0x00000030   Code   RO         5200    .text               mf_w.l(cdrcmple.o)
    0x08000698   0x08000698   0x00000024   Code   RO         5202    .text               mc_w.l(init.o)
    0x080006bc   0x080006bc   0x00000020   Code   RO         5204    .text               mc_w.l(llushr.o)
    0x080006dc   0x080006dc   0x00000114   Code   RO         4747    i.AHT10_Data        aht10.o
    0x080007f0   0x080007f0   0x00000092   Code   RO         4748    i.AHT10_Init        aht10.o
    0x08000882   0x08000882   0x00000034   Code   RO         4749    i.AHT10_ReadData    aht10.o
    0x080008b6   0x080008b6   0x00000020   Code   RO         4750    i.AHT10_ReadStatus  aht10.o
    0x080008d6   0x080008d6   0x0000001a   Code   RO         4751    i.AHT10_Read_CalEnable  aht10.o
    0x080008f0   0x080008f0   0x00000020   Code   RO         4752    i.AHT10_Reset       aht10.o
    0x08000910   0x08000910   0x00000004   Code   RO         4585    i.BusFault_Handler  apm32e10x_int.o
    0x08000914   0x08000914   0x00000002   Code   RO         4586    i.DebugMon_Handler  apm32e10x_int.o
    0x08000916   0x08000916   0x0000009a   Code   RO         1427    i.GPIO_Config       apm32e10x_gpio.o
    0x080009b0   0x080009b0   0x00000012   Code   RO         1435    i.GPIO_ReadInputBit  apm32e10x_gpio.o
    0x080009c2   0x080009c2   0x00000004   Code   RO         1440    i.GPIO_ResetBit     apm32e10x_gpio.o
    0x080009c6   0x080009c6   0x00000004   Code   RO         1441    i.GPIO_SetBit       apm32e10x_gpio.o
    0x080009ca   0x080009ca   0x0000000a   Code   RO         1442    i.GPIO_WriteBitValue  apm32e10x_gpio.o
    0x080009d4   0x080009d4   0x00000004   Code   RO         4587    i.HardFault_Handler  apm32e10x_int.o
    0x080009d8   0x080009d8   0x00000038   Code   RO         4801    i.IIC_Init          iic.o
    0x08000a10   0x08000a10   0x000000b0   Code   RO         4802    i.IIC_Read_Byte     iic.o
    0x08000ac0   0x08000ac0   0x0000004c   Code   RO         4803    i.IIC_Send_Byte     iic.o
    0x08000b0c   0x08000b0c   0x0000002c   Code   RO         4804    i.IIC_Start         iic.o
    0x08000b38   0x08000b38   0x0000002c   Code   RO         4805    i.IIC_Stop          iic.o
    0x08000b64   0x08000b64   0x00000054   Code   RO         4806    i.IIC_Wait_Ack      iic.o
    0x08000bb8   0x08000bb8   0x00000004   Code   RO         4588    i.MemManage_Handler  apm32e10x_int.o
    0x08000bbc   0x08000bbc   0x00000002   Code   RO         4589    i.NMI_Handler       apm32e10x_int.o
    0x08000bbe   0x08000bbe   0x00000002   Code   RO         4590    i.PendSV_Handler    apm32e10x_int.o
    0x08000bc0   0x08000bc0   0x00000010   Code   RO         2107    i.RCM_EnableAPB2PeriphClock  apm32e10x_rcm.o
    0x08000bd0   0x08000bd0   0x0000003c   Code   RO         2117    i.RCM_ReadHCLKFreq  apm32e10x_rcm.o
    0x08000c0c   0x08000c0c   0x0000004c   Code   RO         2119    i.RCM_ReadPCLKFreq  apm32e10x_rcm.o
    0x08000c58   0x08000c58   0x00000064   Code   RO         2120    i.RCM_ReadSYSCLKFreq  apm32e10x_rcm.o
    0x08000cbc   0x08000cbc   0x00000028   Code   RO         4807    i.SDA_IN            iic.o
    0x08000ce4   0x08000ce4   0x00000028   Code   RO         4808    i.SDA_OUT           iic.o
    0x08000d0c   0x08000d0c   0x00000002   Code   RO         4591    i.SVC_Handler       apm32e10x_int.o
    0x08000d0e   0x08000d0e   0x00000028   Code   RO         1927    i.SysTick_ConfigCLKSource  apm32e10x_misc.o
    0x08000d36   0x08000d36   0x00000002   Code   RO         4592    i.SysTick_Handler   apm32e10x_int.o
    0x08000d38   0x08000d38   0x000000dc   Code   RO            4    i.SystemClock72M    system_apm32e10x.o
    0x08000e14   0x08000e14   0x00000008   Code   RO            5    i.SystemClockConfig  system_apm32e10x.o
    0x08000e1c   0x08000e1c   0x00000060   Code   RO            7    i.SystemInit        system_apm32e10x.o
    0x08000e7c   0x08000e7c   0x00000090   Code   RO         4068    i.USART_Config      apm32e10x_usart.o
    0x08000f0c   0x08000f0c   0x0000000e   Code   RO         4088    i.USART_Enable      apm32e10x_usart.o
    0x08000f1a   0x08000f1a   0x00000002   PAD
    0x08000f1c   0x08000f1c   0x0000007c   Code   RO         4867    i.USART_Init        usart.o
    0x08000f98   0x08000f98   0x00000010   Code   RO         4100    i.USART_ReadStatusFlag  apm32e10x_usart.o
    0x08000fa8   0x08000fa8   0x0000000a   Code   RO         4104    i.USART_TxData      apm32e10x_usart.o
    0x08000fb2   0x08000fb2   0x00000004   Code   RO         4593    i.UsageFault_Handler  apm32e10x_int.o
    0x08000fb6   0x08000fb6   0x00000002   PAD
    0x08000fb8   0x08000fb8   0x00000020   Code   RO         5136    i.__0printf         mc_w.l(printfa.o)
    0x08000fd8   0x08000fd8   0x0000000e   Code   RO         5208    i.__scatterload_copy  mc_w.l(handlers.o)
    0x08000fe6   0x08000fe6   0x00000002   Code   RO         5209    i.__scatterload_null  mc_w.l(handlers.o)
    0x08000fe8   0x08000fe8   0x0000000e   Code   RO         5210    i.__scatterload_zeroinit  mc_w.l(handlers.o)
    0x08000ff6   0x08000ff6   0x00000002   PAD
    0x08000ff8   0x08000ff8   0x00000184   Code   RO         5143    i._fp_digits        mc_w.l(printfa.o)
    0x0800117c   0x0800117c   0x000006dc   Code   RO         5144    i._printf_core      mc_w.l(printfa.o)
    0x08001858   0x08001858   0x00000024   Code   RO         5145    i._printf_post_padding  mc_w.l(printfa.o)
    0x0800187c   0x0800187c   0x0000002e   Code   RO         5146    i._printf_pre_padding  mc_w.l(printfa.o)
    0x080018aa   0x080018aa   0x00000002   PAD
    0x080018ac   0x080018ac   0x00000040   Code   RO         4709    i.delay_init        delay.o
    0x080018ec   0x080018ec   0x0000004c   Code   RO         4710    i.delay_ms          delay.o
    0x08001938   0x08001938   0x0000004c   Code   RO         4711    i.delay_us          delay.o
    0x08001984   0x08001984   0x00000024   Code   RO         4869    i.fputc             usart.o
    0x080019a8   0x080019a8   0x000000a4   Code   RO         4673    i.main              main.o
    0x08001a4c   0x08001a4c   0x00000020   Data   RO         5206    Region$$Table       anon$$obj.o


    Execution Region RW_IRAM1 (Exec base: 0x20000000, Load base: 0x08001a6c, Size: 0x00000410, Max: 0x00020000, ABSOLUTE)

    Exec Addr    Load Addr    Size         Type   Attr      Idx    E Section Name        Object

    0x20000000   0x08001a6c   0x00000004   Data   RW            8    .data               system_apm32e10x.o
    0x20000004   0x08001a70   0x00000004   Data   RW         4712    .data               delay.o
    0x20000008   0x08001a74   0x00000004   Data   RW         5186    .data               mc_w.l(stdout.o)
    0x2000000c   0x08001a78   0x00000004   PAD
    0x20000010        -       0x00000400   Zero   RW           69    STACK               startup_apm32e10x_hd.o


==============================================================================

Image component sizes


      Code (inc. data)   RO Data    RW Data    ZI Data      Debug   Object Name

       564         16          0          0          0       3355   aht10.o
       190          0          0          0          0       6733   apm32e10x_gpio.o
        26          0          0          0          0       5694   apm32e10x_int.o
        40          0          0          0          0       1450   apm32e10x_misc.o
       252         54          0          0          0       3247   apm32e10x_rcm.o
       184          6          0          0          0       5352   apm32e10x_usart.o
       216         24          0          4          0       1643   delay.o
       560         38          0          0          0       4092   iic.o
       164         76          0          0          0        543   main.o
        36          8        324          0       1024        880   startup_apm32e10x_hd.o
       324         24          0          4          0      70183   system_apm32e10x.o
       160         12          0          0          0       1173   usart.o

    ----------------------------------------------------------------------
      2720        258        356          8       1024     104345   Object Totals
         0          0         32          0          0          0   (incl. Generated)
         4          0          0          0          0          0   (incl. Padding)

    ----------------------------------------------------------------------

      Code (inc. data)   RO Data    RW Data    ZI Data      Debug   Library Member Name

         0          0          0          0          0          0   entry.o
         0          0          0          0          0          0   entry10a.o
         0          0          0          0          0          0   entry11a.o
         8          4          0          0          0          0   entry2.o
         4          0          0          0          0          0   entry5.o
         0          0          0          0          0          0   entry7b.o
         0          0          0          0          0          0   entry8b.o
         8          4          0          0          0          0   entry9a.o
        30          0          0          0          0          0   handlers.o
        36          8          0          0          0         68   init.o
         0          0          0          0          0          0   iusefp.o
        30          0          0          0          0         68   llshl.o
        36          0          0          0          0         68   llsshr.o
        32          0          0          0          0         68   llushr.o
      2258         90          0          0          0        452   printfa.o
         0          0          0          4          0          0   stdout.o
        44          0          0          0          0         80   uidiv.o
        98          0          0          0          0         92   uldiv.o
        48          0          0          0          0         68   cdrcmple.o
       334          0          0          0          0        148   dadd.o
       222          0          0          0          0        100   ddiv.o
       186          0          0          0          0        176   depilogue.o
        48          0          0          0          0         68   dfixul.o
        34          0          0          0          0         76   dflti.o
       228          0          0          0          0         96   dmul.o

    ----------------------------------------------------------------------
      3688        106          0          4          4       1628   Library Totals
         4          0          0          0          4          0   (incl. Padding)

    ----------------------------------------------------------------------

      Code (inc. data)   RO Data    RW Data    ZI Data      Debug   Library Name

      2584        106          0          4          0        896   mc_w.l
      1100          0          0          0          0        732   mf_w.l

    ----------------------------------------------------------------------
      3688        106          0          4          4       1628   Library Totals

    ----------------------------------------------------------------------

==============================================================================


      Code (inc. data)   RO Data    RW Data    ZI Data      Debug   

      6408        364        356         12       1028     103057   Grand Totals
      6408        364        356         12       1028     103057   ELF Image Totals
      6408        364        356         12          0          0   ROM Totals

==============================================================================

    Total RO  Size (Code + RO Data)                 6764 (   6.61kB)
    Total RW  Size (RW Data + ZI Data)              1040 (   1.02kB)
    Total ROM Size (Code + RO Data + RW Data)       6776 (   6.62kB)

==============================================================================

